Component: ARM Compiler 5.06 update 7 (build 960) Tool: armlink [4d3601]

==============================================================================

Section Cross References

    oled.o(i.OLED_Clear) refers to oled.o(i.OLED_WR_CMD) for OLED_WR_CMD
    oled.o(i.OLED_Clear) refers to oled.o(i.OLED_WR_DATA) for OLED_WR_DATA
    oled.o(i.OLED_Display_Off) refers to oled.o(i.OLED_WR_CMD) for OLED_WR_CMD
    oled.o(i.OLED_Display_On) refers to oled.o(i.OLED_WR_CMD) for OLED_WR_CMD
    oled.o(i.OLED_Draw12864BMP) refers to oled.o(i.OLED_Set_Pos) for OLED_Set_Pos
    oled.o(i.OLED_Draw12864BMP) refers to oled.o(i.OLED_WR_DATA) for OLED_WR_DATA
    oled.o(i.OLED_Init) refers to stm32f1xx_hal.o(i.HAL_Delay) for HAL_Delay
    oled.o(i.OLED_Init) refers to oled.o(i.WriteCmd) for WriteCmd
    oled.o(i.OLED_On) refers to oled.o(i.OLED_WR_CMD) for OLED_WR_CMD
    oled.o(i.OLED_On) refers to oled.o(i.OLED_WR_DATA) for OLED_WR_DATA
    oled.o(i.OLED_Set_Pos) refers to oled.o(i.OLED_WR_CMD) for OLED_WR_CMD
    oled.o(i.OLED_ShowChar) refers to oled.o(i.OLED_Set_Pos) for OLED_Set_Pos
    oled.o(i.OLED_ShowChar) refers to oled.o(i.OLED_WR_DATA) for OLED_WR_DATA
    oled.o(i.OLED_ShowChar) refers to oled.o(.constdata) for .constdata
    oled.o(i.OLED_ShowNum) refers to oled.o(i.oled_pow) for oled_pow
    oled.o(i.OLED_ShowNum) refers to oled.o(i.OLED_ShowChar) for OLED_ShowChar
    oled.o(i.OLED_ShowString) refers to oled.o(i.OLED_ShowChar) for OLED_ShowChar
    oled.o(i.OLED_WR_CMD) refers to stm32f1xx_hal_i2c.o(i.HAL_I2C_Mem_Write) for HAL_I2C_Mem_Write
    oled.o(i.OLED_WR_CMD) refers to i2c.o(.bss) for hi2c1
    oled.o(i.OLED_WR_DATA) refers to stm32f1xx_hal_i2c.o(i.HAL_I2C_Mem_Write) for HAL_I2C_Mem_Write
    oled.o(i.OLED_WR_DATA) refers to i2c.o(.bss) for hi2c1
    oled.o(i.WriteCmd) refers to stm32f1xx_hal_i2c.o(i.HAL_I2C_Mem_Write) for HAL_I2C_Mem_Write
    oled.o(i.WriteCmd) refers to oled.o(.data) for .data
    oled.o(i.WriteCmd) refers to i2c.o(.bss) for hi2c1
    startup_stm32f10x_md.o(STACK) refers (Special) to heapauxi.o(.text) for __use_two_region_memory
    startup_stm32f10x_md.o(HEAP) refers (Special) to heapauxi.o(.text) for __use_two_region_memory
    startup_stm32f10x_md.o(RESET) refers (Special) to heapauxi.o(.text) for __use_two_region_memory
    startup_stm32f10x_md.o(RESET) refers to startup_stm32f10x_md.o(STACK) for __initial_sp
    startup_stm32f10x_md.o(RESET) refers to startup_stm32f10x_md.o(.text) for Reset_Handler
    startup_stm32f10x_md.o(RESET) refers to stm32f1xx_it.o(i.NMI_Handler) for NMI_Handler
    startup_stm32f10x_md.o(RESET) refers to stm32f1xx_it.o(i.HardFault_Handler) for HardFault_Handler
    startup_stm32f10x_md.o(RESET) refers to stm32f1xx_it.o(i.MemManage_Handler) for MemManage_Handler
    startup_stm32f10x_md.o(RESET) refers to stm32f1xx_it.o(i.BusFault_Handler) for BusFault_Handler
    startup_stm32f10x_md.o(RESET) refers to stm32f1xx_it.o(i.UsageFault_Handler) for UsageFault_Handler
    startup_stm32f10x_md.o(RESET) refers to stm32f1xx_it.o(i.SVC_Handler) for SVC_Handler
    startup_stm32f10x_md.o(RESET) refers to stm32f1xx_it.o(i.DebugMon_Handler) for DebugMon_Handler
    startup_stm32f10x_md.o(RESET) refers to stm32f1xx_it.o(i.PendSV_Handler) for PendSV_Handler
    startup_stm32f10x_md.o(RESET) refers to stm32f1xx_it.o(i.SysTick_Handler) for SysTick_Handler
    startup_stm32f10x_md.o(RESET) refers to stm32f1xx_it.o(i.USB_LP_CAN1_RX0_IRQHandler) for USB_LP_CAN1_RX0_IRQHandler
    startup_stm32f10x_md.o(.text) refers (Special) to heapauxi.o(.text) for __use_two_region_memory
    startup_stm32f10x_md.o(.text) refers to system_stm32f1xx.o(i.SystemInit) for SystemInit
    startup_stm32f10x_md.o(.text) refers to __main.o(!!!main) for __main
    startup_stm32f10x_md.o(.text) refers to startup_stm32f10x_md.o(HEAP) for Heap_Mem
    startup_stm32f10x_md.o(.text) refers to startup_stm32f10x_md.o(STACK) for Stack_Mem
    main.o(i.SystemClock_Config) refers to rt_memclr_w.o(.text) for __aeabi_memclr4
    main.o(i.SystemClock_Config) refers to stm32f1xx_hal_rcc.o(i.HAL_RCC_OscConfig) for HAL_RCC_OscConfig
    main.o(i.SystemClock_Config) refers to stm32f1xx_hal_rcc.o(i.HAL_RCC_ClockConfig) for HAL_RCC_ClockConfig
    main.o(i.SystemClock_Config) refers to stm32f1xx_hal_rcc_ex.o(i.HAL_RCCEx_PeriphCLKConfig) for HAL_RCCEx_PeriphCLKConfig
    main.o(i.main) refers to stm32f1xx_hal.o(i.HAL_Init) for HAL_Init
    main.o(i.main) refers to main.o(i.SystemClock_Config) for SystemClock_Config
    main.o(i.main) refers to gpio.o(i.MX_GPIO_Init) for MX_GPIO_Init
    main.o(i.main) refers to i2c.o(i.MX_I2C1_Init) for MX_I2C1_Init
    main.o(i.main) refers to usb_device.o(i.MX_USB_DEVICE_Init) for MX_USB_DEVICE_Init
    main.o(i.main) refers to oled.o(i.OLED_Init) for OLED_Init
    main.o(i.main) refers to oled.o(i.OLED_Clear) for OLED_Clear
    main.o(i.main) refers to oled.o(i.OLED_Display_On) for OLED_Display_On
    main.o(i.main) refers to oled.o(i.OLED_Set_Pos) for OLED_Set_Pos
[...]
    .ARM.Collect$$libshutdown$$0000000C      0x080001a6   Section        0  libshutdown2.o(.ARM.Collect$$libshutdown$$0000000C)
    .ARM.Collect$$libshutdown$$0000000E      0x080001a6   Section        0  libshutdown2.o(.ARM.Collect$$libshutdown$$0000000E)
    .ARM.Collect$$libshutdown$$00000011      0x080001a6   Section        0  libshutdown2.o(.ARM.Collect$$libshutdown$$00000011)
    .ARM.Collect$$libshutdown$$00000012      0x080001a6   Section        2  libshutdown2.o(.ARM.Collect$$libshutdown$$00000012)
    .ARM.Collect$$rtentry$$00000000          0x080001a8   Section        0  __rtentry.o(.ARM.Collect$$rtentry$$00000000)
    .ARM.Collect$$rtentry$$00000002          0x080001a8   Section        0  __rtentry2.o(.ARM.Collect$$rtentry$$00000002)
    .ARM.Collect$$rtentry$$00000004          0x080001a8   Section        6  __rtentry4.o(.ARM.Collect$$rtentry$$00000004)
    .ARM.Collect$$rtentry$$00000009          0x080001ae   Section        0  __rtentry2.o(.ARM.Collect$$rtentry$$00000009)
    .ARM.Collect$$rtentry$$0000000A          0x080001ae   Section        4  __rtentry2.o(.ARM.Collect$$rtentry$$0000000A)
    .ARM.Collect$$rtentry$$0000000C          0x080001b2   Section        0  __rtentry2.o(.ARM.Collect$$rtentry$$0000000C)
    .ARM.Collect$$rtentry$$0000000D          0x080001b2   Section        8  __rtentry2.o(.ARM.Collect$$rtentry$$0000000D)
    .ARM.Collect$$rtexit$$00000000           0x080001ba   Section        2  rtexit.o(.ARM.Collect$$rtexit$$00000000)
    .ARM.Collect$$rtexit$$00000002           0x080001bc   Section        0  rtexit2.o(.ARM.Collect$$rtexit$$00000002)
    .ARM.Collect$$rtexit$$00000003           0x080001bc   Section        4  rtexit2.o(.ARM.Collect$$rtexit$$00000003)
    .ARM.Collect$$rtexit$$00000004           0x080001c0   Section        6  rtexit2.o(.ARM.Collect$$rtexit$$00000004)
    .text                                    0x080001c8   Section       64  startup_stm32f10x_md.o(.text)
    .text                                    0x08000208   Section      138  rt_memcpy_v6.o(.text)
    .text                                    0x08000292   Section       68  rt_memclr.o(.text)
    .text                                    0x080002d6   Section       78  rt_memclr_w.o(.text)
    .text                                    0x08000324   Section        0  heapauxi.o(.text)
    .text                                    0x0800032a   Section      100  rt_memcpy_w.o(.text)
    .text                                    0x0800038e   Section       74  sys_stackheap_outer.o(.text)
    .text                                    0x080003d8   Section        0  exit.o(.text)
    .text                                    0x080003ec   Section        8  libspace.o(.text)
    .text                                    0x080003f4   Section        0  sys_exit.o(.text)
    .text                                    0x08000400   Section        2  use_no_semi.o(.text)
    .text                                    0x08000402   Section        0  indicate_semi.o(.text)
    i.BusFault_Handler                       0x08000402   Section        0  stm32f1xx_it.o(i.BusFault_Handler)
    i.CDC_Control_FS                         0x08000404   Section        0  usbd_cdc_if.o(i.CDC_Control_FS)
    CDC_Control_FS                           0x08000405   Thumb Code     4  usbd_cdc_if.o(i.CDC_Control_FS)
    i.CDC_DeInit_FS                          0x08000408   Section        0  usbd_cdc_if.o(i.CDC_DeInit_FS)
    CDC_DeInit_FS                            0x08000409   Thumb Code     4  usbd_cdc_if.o(i.CDC_DeInit_FS)
    i.CDC_Init_FS                            0x0800040c   Section        0  usbd_cdc_if.o(i.CDC_Init_FS)
    CDC_Init_FS                              0x0800040d   Thumb Code    24  usbd_cdc_if.o(i.CDC_Init_FS)
    i.CDC_Receive_FS                         0x08000430   Section        0  usbd_cdc_if.o(i.CDC_Receive_FS)
    CDC_Receive_FS                           0x08000431   Thumb Code    56  usbd_cdc_if.o(i.CDC_Receive_FS)
    i.CDC_Transmit_FS                        0x08000474   Section        0  usbd_cdc_if.o(i.CDC_Transmit_FS)
    i.DebugMon_Handler                       0x080004a0   Section        0  stm32f1xx_it.o(i.DebugMon_Handler)
    i.Error_Handler                          0x080004a2   Section        0  main.o(i.Error_Handler)
    i.HAL_Delay                              0x080004a8   Section        0  stm32f1xx_hal.o(i.HAL_Delay)
    i.HAL_GPIO_Init                          0x080004cc   Section        0  stm32f1xx_hal_gpio.o(i.HAL_GPIO_Init)
    i.HAL_GetTick                            0x0800068c   Section        0  stm32f1xx_hal.o(i.HAL_GetTick)
    i.HAL_I2C_Init                           0x08000698   Section        0  stm32f1xx_hal_i2c.o(i.HAL_I2C_Init)
    i.HAL_I2C_Mem_Write                      0x08000820   Section        0  stm32f1xx_hal_i2c.o(i.HAL_I2C_Mem_Write)
    i.HAL_I2C_MspInit                        0x08000950   Section        0  i2c.o(i.HAL_I2C_MspInit)
    i.HAL_IncTick                            0x080009ac   Section        0  stm32f1xx_hal.o(i.HAL_IncTick)
    i.HAL_Init                               0x080009bc   Section        0  stm32f1xx_hal.o(i.HAL_Init)
    i.HAL_InitTick                           0x080009e0   Section        0  stm32f1xx_hal.o(i.HAL_InitTick)
    i.HAL_MspInit                            0x08000a20   Section        0  stm32f1xx_hal_msp.o(i.HAL_MspInit)
    i.HAL_NVIC_EnableIRQ                     0x08000a5c   Section        0  stm32f1xx_hal_cortex.o(i.HAL_NVIC_EnableIRQ)
    i.HAL_NVIC_SetPriority                   0x08000a78   Section        0  stm32f1xx_hal_cortex.o(i.HAL_NVIC_SetPriority)
    i.HAL_NVIC_SetPriorityGrouping           0x08000ab8   Section        0  stm32f1xx_hal_cortex.o(i.HAL_NVIC_SetPriorityGrouping)
    i.HAL_PCDEx_PMAConfig                    0x08000adc   Section        0  stm32f1xx_hal_pcd_ex.o(i.HAL_PCDEx_PMAConfig)
    i.HAL_PCDEx_SetConnectionState           0x08000b18   Section        0  usbd_conf.o(i.HAL_PCDEx_SetConnectionState)
    i.HAL_PCD_DataInStageCallback            0x08000b1a   Section        0  usbd_conf.o(i.HAL_PCD_DataInStageCallback)
    i.HAL_PCD_DataOutStageCallback           0x08000b2c   Section        0  usbd_conf.o(i.HAL_PCD_DataOutStageCallback)
    i.HAL_PCD_EP_Close                       0x08000b40   Section        0  stm32f1xx_hal_pcd.o(i.HAL_PCD_EP_Close)
    i.HAL_PCD_EP_ClrStall                    0x08000b8a   Section        0  stm32f1xx_hal_pcd.o(i.HAL_PCD_EP_ClrStall)
    i.HAL_PCD_EP_DB_Receive                  0x08000be4   Section        0  stm32f1xx_hal_pcd.o(i.HAL_PCD_EP_DB_Receive)
    HAL_PCD_EP_DB_Receive                    0x08000be5   Thumb Code   230  stm32f1xx_hal_pcd.o(i.HAL_PCD_EP_DB_Receive)
    i.HAL_PCD_EP_DB_Transmit                 0x08000cca   Section        0  stm32f1xx_hal_pcd.o(i.HAL_PCD_EP_DB_Transmit)
    HAL_PCD_EP_DB_Transmit                   0x08000ccb   Thumb Code   824  stm32f1xx_hal_pcd.o(i.HAL_PCD_EP_DB_Transmit)
    i.HAL_PCD_EP_GetRxCount                  0x08001002   Section        0  stm32f1xx_hal_pcd.o(i.HAL_PCD_EP_GetRxCount)
    i.HAL_PCD_EP_Open                        0x08001014   Section        0  stm32f1xx_hal_pcd.o(i.HAL_PCD_EP_Open)
    i.HAL_PCD_EP_Receive                     0x0800106c   Section        0  stm32f1xx_hal_pcd.o(i.HAL_PCD_EP_Receive)
    i.HAL_PCD_EP_SetStall                    0x0800109a   Section        0  stm32f1xx_hal_pcd.o(i.HAL_PCD_EP_SetStall)
    i.HAL_PCD_EP_Transmit                    0x0800110a   Section        0  stm32f1xx_hal_pcd.o(i.HAL_PCD_EP_Transmit)
    i.HAL_PCD_IRQHandler                     0x08001138   Section        0  stm32f1xx_hal_pcd.o(i.HAL_PCD_IRQHandler)
    i.HAL_PCD_Init                           0x0800126c   Section        0  stm32f1xx_hal_pcd.o(i.HAL_PCD_Init)
    i.HAL_PCD_MspInit                        0x08001328   Section        0  usbd_conf.o(i.HAL_PCD_MspInit)
    i.HAL_PCD_ResetCallback                  0x08001394   Section        0  usbd_conf.o(i.HAL_PCD_ResetCallback)
    i.HAL_PCD_ResumeCallback                 0x080013ba   Section        0  usbd_conf.o(i.HAL_PCD_ResumeCallback)
    i.HAL_PCD_SOFCallback                    0x080013c2   Section        0  usbd_conf.o(i.HAL_PCD_SOFCallback)
    i.HAL_PCD_SetAddress                     0x080013ca   Section        0  stm32f1xx_hal_pcd.o(i.HAL_PCD_SetAddress)
    i.HAL_PCD_SetupStageCallback             0x080013f0   Section        0  usbd_conf.o(i.HAL_PCD_SetupStageCallback)
    i.HAL_PCD_Start                          0x080013fe   Section        0  stm32f1xx_hal_pcd.o(i.HAL_PCD_Start)
    i.HAL_PCD_SuspendCallback                0x08001430   Section        0  usbd_conf.o(i.HAL_PCD_SuspendCallback)
    i.HAL_RCCEx_PeriphCLKConfig              0x08001454   Section        0  stm32f1xx_hal_rcc_ex.o(i.HAL_RCCEx_PeriphCLKConfig)
    i.HAL_RCC_ClockConfig                    0x08001540   Section        0  stm32f1xx_hal_rcc.o(i.HAL_RCC_ClockConfig)
    i.HAL_RCC_GetPCLK1Freq                   0x0800166c   Section        0  stm32f1xx_hal_rcc.o(i.HAL_RCC_GetPCLK1Freq)
    i.HAL_RCC_GetSysClockFreq                0x0800168c   Section        0  stm32f1xx_hal_rcc.o(i.HAL_RCC_GetSysClockFreq)
    i.HAL_RCC_OscConfig                      0x080016d8   Section        0  stm32f1xx_hal_rcc.o(i.HAL_RCC_OscConfig)
    i.HAL_SYSTICK_Config                     0x080019f8   Section        0  stm32f1xx_hal_cortex.o(i.HAL_SYSTICK_Config)
    i.HardFault_Handler                      0x08001a20   Section        0  stm32f1xx_it.o(i.HardFault_Handler)
    i.I2C_IsAcknowledgeFailed                0x08001a22   Section        0  stm32f1xx_hal_i2c.o(i.I2C_IsAcknowledgeFailed)
    I2C_IsAcknowledgeFailed                  0x08001a23   Thumb Code    46  stm32f1xx_hal_i2c.o(i.I2C_IsAcknowledgeFailed)
    i.I2C_RequestMemoryWrite                 0x08001a50   Section        0  stm32f1xx_hal_i2c.o(i.I2C_RequestMemoryWrite)
    I2C_RequestMemoryWrite                   0x08001a51   Thumb Code   162  stm32f1xx_hal_i2c.o(i.I2C_RequestMemoryWrite)
    i.I2C_WaitOnBTFFlagUntilTimeout          0x08001af8   Section        0  stm32f1xx_hal_i2c.o(i.I2C_WaitOnBTFFlagUntilTimeout)
    I2C_WaitOnBTFFlagUntilTimeout            0x08001af9   Thumb Code    86  stm32f1xx_hal_i2c.o(i.I2C_WaitOnBTFFlagUntilTimeout)
    i.I2C_WaitOnFlagUntilTimeout             0x08001b50   Section        0  stm32f1xx_hal_i2c.o(i.I2C_WaitOnFlagUntilTimeout)
    I2C_WaitOnFlagUntilTimeout               0x08001b51   Thumb Code   144  stm32f1xx_hal_i2c.o(i.I2C_WaitOnFlagUntilTimeout)
    i.I2C_WaitOnMasterAddressFlagUntilTimeout 0x08001be0   Section        0  stm32f1xx_hal_i2c.o(i.I2C_WaitOnMasterAddressFlagUntilTimeout)
    I2C_WaitOnMasterAddressFlagUntilTimeout  0x08001be1   Thumb Code   188  stm32f1xx_hal_i2c.o(i.I2C_WaitOnMasterAddressFlagUntilTimeout)
    i.I2C_WaitOnTXEFlagUntilTimeout          0x08001c9c   Section        0  stm32f1xx_hal_i2c.o(i.I2C_WaitOnTXEFlagUntilTimeout)
    I2C_WaitOnTXEFlagUntilTimeout            0x08001c9d   Thumb Code    86  stm32f1xx_hal_i2c.o(i.I2C_WaitOnTXEFlagUntilTimeout)
    i.IntToUnicode                           0x08001cf4   Section        0  usbd_desc.o(i.IntToUnicode)
    IntToUnicode                             0x08001cf5   Thumb Code    56  usbd_desc.o(i.IntToUnicode)
    i.MX_GPIO_Init                           0x08001d2c   Section        0  gpio.o(i.MX_GPIO_Init)
    i.MX_I2C1_Init                           0x08001d68   Section        0  i2c.o(i.MX_I2C1_Init)
    i.MX_USB_DEVICE_Init                     0x08001da8   Section        0  usb_device.o(i.MX_USB_DEVICE_Init)
    i.MemManage_Handler                      0x08001dfc   Section        0  stm32f1xx_it.o(i.MemManage_Handler)
    i.NMI_Handler                            0x08001dfe   Section        0  stm32f1xx_it.o(i.NMI_Handler)
    i.OLED_Clear                             0x08001e00   Section        0  oled.o(i.OLED_Clear)
    i.OLED_Display_On                        0x08001e34   Section        0  oled.o(i.OLED_Display_On)
    i.OLED_Draw12864BMP                      0x08001e4c   Section        0  oled.o(i.OLED_Draw12864BMP)
    i.OLED_Init                              0x08001e7e   Section        0  oled.o(i.OLED_Init)
    i.OLED_Set_Pos                           0x08001e8e   Section        0  oled.o(i.OLED_Set_Pos)
    i.OLED_WR_CMD                            0x08001eb0   Section        0  oled.o(i.OLED_WR_CMD)
    i.OLED_WR_DATA                           0x08001ed4   Section        0  oled.o(i.OLED_WR_DATA)
    i.PCD_EP_ISR_Handler                     0x08001ef8   Section        0  stm32f1xx_hal_pcd.o(i.PCD_EP_ISR_Handler)
    PCD_EP_ISR_Handler                       0x08001ef9   Thumb Code   934  stm32f1xx_hal_pcd.o(i.PCD_EP_ISR_Handler)
    i.PendSV_Handler                         0x0800229e   Section        0  stm32f1xx_it.o(i.PendSV_Handler)
    i.SVC_Handler                            0x080022a0   Section        0  stm32f1xx_it.o(i.SVC_Handler)
    i.SysTick_Handler                        0x080022a2   Section        0  stm32f1xx_it.o(i.SysTick_Handler)
    i.SystemClock_Config                     0x080022a6   Section        0  main.o(i.SystemClock_Config)
    i.SystemInit                             0x0800231c   Section        0  system_stm32f1xx.o(i.SystemInit)
    i.USBD_CDC_DataIn                        0x0800231e   Section        0  usbd_cdc.o(i.USBD_CDC_DataIn)
    USBD_CDC_DataIn                          0x0800231f   Thumb Code    70  usbd_cdc.o(i.USBD_CDC_DataIn)
    i.USBD_CDC_DataOut                       0x08002364   Section        0  usbd_cdc.o(i.USBD_CDC_DataOut)
    USBD_CDC_DataOut                         0x08002365   Thumb Code    46  usbd_cdc.o(i.USBD_CDC_DataOut)
    i.USBD_CDC_DeInit                        0x08002392   Section        0  usbd_cdc.o(i.USBD_CDC_DeInit)
    USBD_CDC_DeInit                          0x08002393   Thumb Code    68  usbd_cdc.o(i.USBD_CDC_DeInit)
    i.USBD_CDC_EP0_RxReady                   0x080023d6   Section        0  usbd_cdc.o(i.USBD_CDC_EP0_RxReady)
    USBD_CDC_EP0_RxReady                     0x080023d7   Thumb Code    36  usbd_cdc.o(i.USBD_CDC_EP0_RxReady)
    i.USBD_CDC_GetDeviceQualifierDescriptor  0x080023fc   Section        0  usbd_cdc.o(i.USBD_CDC_GetDeviceQualifierDescriptor)
    i.USBD_CDC_GetFSCfgDesc                  0x08002408   Section        0  usbd_cdc.o(i.USBD_CDC_GetFSCfgDesc)
    USBD_CDC_GetFSCfgDesc                    0x08002409   Thumb Code     8  usbd_cdc.o(i.USBD_CDC_GetFSCfgDesc)
    i.USBD_CDC_GetHSCfgDesc                  0x08002414   Section        0  usbd_cdc.o(i.USBD_CDC_GetHSCfgDesc)
    USBD_CDC_GetHSCfgDesc                    0x08002415   Thumb Code     8  usbd_cdc.o(i.USBD_CDC_GetHSCfgDesc)
    i.USBD_CDC_GetOtherSpeedCfgDesc          0x08002420   Section        0  usbd_cdc.o(i.USBD_CDC_GetOtherSpeedCfgDesc)
    USBD_CDC_GetOtherSpeedCfgDesc            0x08002421   Thumb Code     8  usbd_cdc.o(i.USBD_CDC_GetOtherSpeedCfgDesc)
    i.USBD_CDC_Init                          0x0800242c   Section        0  usbd_cdc.o(i.USBD_CDC_Init)
    USBD_CDC_Init                            0x0800242d   Thumb Code   148  usbd_cdc.o(i.USBD_CDC_Init)
    i.USBD_CDC_ReceivePacket                 0x080024c0   Section        0  usbd_cdc.o(i.USBD_CDC_ReceivePacket)
    i.USBD_CDC_RegisterInterface             0x080024e8   Section        0  usbd_cdc.o(i.USBD_CDC_RegisterInterface)
    i.USBD_CDC_SetRxBuffer                   0x080024f8   Section        0  usbd_cdc.o(i.USBD_CDC_SetRxBuffer)
    i.USBD_CDC_SetTxBuffer                   0x08002504   Section        0  usbd_cdc.o(i.USBD_CDC_SetTxBuffer)
    i.USBD_CDC_Setup                         0x08002514   Section        0  usbd_cdc.o(i.USBD_CDC_Setup)
    USBD_CDC_Setup                           0x08002515   Thumb Code   172  usbd_cdc.o(i.USBD_CDC_Setup)
    i.USBD_CDC_TransmitPacket                0x080025c0   Section        0  usbd_cdc.o(i.USBD_CDC_TransmitPacket)
    i.USBD_ClrClassConfig                    0x080025f6   Section        0  usbd_core.o(i.USBD_ClrClassConfig)
    i.USBD_CtlContinueRx                     0x08002604   Section        0  usbd_ioreq.o(i.USBD_CtlContinueRx)
    i.USBD_CtlContinueSendData               0x08002614   Section        0  usbd_ioreq.o(i.USBD_CtlContinueSendData)
    i.USBD_CtlError                          0x08002624   Section        0  usbd_ctlreq.o(i.USBD_CtlError)
    i.USBD_CtlPrepareRx                      0x0800263a   Section        0  usbd_ioreq.o(i.USBD_CtlPrepareRx)
    i.USBD_CtlReceiveStatus                  0x08002658   Section        0  usbd_ioreq.o(i.USBD_CtlReceiveStatus)
    i.USBD_CtlSendData                       0x0800266e   Section        0  usbd_ioreq.o(i.USBD_CtlSendData)
    i.USBD_CtlSendStatus                     0x08002688   Section        0  usbd_ioreq.o(i.USBD_CtlSendStatus)
    i.USBD_FS_ConfigStrDescriptor            0x080026a0   Section        0  usbd_desc.o(i.USBD_FS_ConfigStrDescriptor)
    i.USBD_FS_DeviceDescriptor               0x080026c0   Section        0  usbd_desc.o(i.USBD_FS_DeviceDescriptor)
    i.USBD_FS_InterfaceStrDescriptor         0x080026cc   Section        0  usbd_desc.o(i.USBD_FS_InterfaceStrDescriptor)
    i.USBD_FS_LangIDStrDescriptor            0x080026f0   Section        0  usbd_desc.o(i.USBD_FS_LangIDStrDescriptor)
    i.USBD_FS_ManufacturerStrDescriptor      0x080026fc   Section        0  usbd_desc.o(i.USBD_FS_ManufacturerStrDescriptor)
    i.USBD_FS_ProductStrDescriptor           0x08002724   Section        0  usbd_desc.o(i.USBD_FS_ProductStrDescriptor)
    i.USBD_FS_SerialStrDescriptor            0x08002750   Section        0  usbd_desc.o(i.USBD_FS_SerialStrDescriptor)
    i.USBD_GetDescriptor                     0x08002788   Section        0  usbd_ctlreq.o(i.USBD_GetDescriptor)
    USBD_GetDescriptor                       0x08002789   Thumb Code   232  usbd_ctlreq.o(i.USBD_GetDescriptor)
    i.USBD_GetString                         0x08002870   Section        0  usbd_ctlreq.o(i.USBD_GetString)
    i.USBD_Get_USB_Status                    0x080028b8   Section        0  usbd_conf.o(i.USBD_Get_USB_Status)
    USBD_Get_USB_Status                      0x080028b9   Thumb Code    24  usbd_conf.o(i.USBD_Get_USB_Status)
    i.USBD_Init                              0x080028d0   Section        0  usbd_core.o(i.USBD_Init)
    i.USBD_LL_ClearStallEP                   0x080028fa   Section        0  usbd_conf.o(i.USBD_LL_ClearStallEP)
    i.USBD_LL_CloseEP                        0x0800290c   Section        0  usbd_conf.o(i.USBD_LL_CloseEP)
    i.USBD_LL_DataInStage                    0x0800291e   Section        0  usbd_core.o(i.USBD_LL_DataInStage)
    i.USBD_LL_DataOutStage                   0x080029e4   Section        0  usbd_core.o(i.USBD_LL_DataOutStage)
    i.USBD_LL_GetRxDataSize                  0x08002a66   Section        0  usbd_conf.o(i.USBD_LL_GetRxDataSize)
    i.USBD_LL_Init                           0x08002a70   Section        0  usbd_conf.o(i.USBD_LL_Init)
    i.USBD_LL_IsStallEP                      0x08002af0   Section        0  usbd_conf.o(i.USBD_LL_IsStallEP)
    i.USBD_LL_OpenEP                         0x08002b0e   Section        0  usbd_conf.o(i.USBD_LL_OpenEP)
    i.USBD_LL_PrepareReceive                 0x08002b26   Section        0  usbd_conf.o(i.USBD_LL_PrepareReceive)
    i.USBD_LL_Reset                          0x08002b38   Section        0  usbd_core.o(i.USBD_LL_Reset)
    i.USBD_LL_Resume                         0x08002b88   Section        0  usbd_core.o(i.USBD_LL_Resume)
    i.USBD_LL_SOF                            0x08002b9c   Section        0  usbd_core.o(i.USBD_LL_SOF)
    i.USBD_LL_SetSpeed                       0x08002bb4   Section        0  usbd_core.o(i.USBD_LL_SetSpeed)
    i.USBD_LL_SetUSBAddress                  0x08002bba   Section        0  usbd_conf.o(i.USBD_LL_SetUSBAddress)
    i.USBD_LL_SetupStage                     0x08002bcc   Section        0  usbd_core.o(i.USBD_LL_SetupStage)
    i.USBD_LL_StallEP                        0x08002c26   Section        0  usbd_conf.o(i.USBD_LL_StallEP)
    i.USBD_LL_Start                          0x08002c38   Section        0  usbd_conf.o(i.USBD_LL_Start)
    i.USBD_LL_Suspend                        0x08002c4a   Section        0  usbd_core.o(i.USBD_LL_Suspend)
    i.USBD_LL_Transmit                       0x08002c5c   Section        0  usbd_conf.o(i.USBD_LL_Transmit)
    i.USBD_ParseSetupRequest                 0x08002c6e   Section        0  usbd_ctlreq.o(i.USBD_ParseSetupRequest)
    i.USBD_RegisterClass                     0x08002c96   Section        0  usbd_core.o(i.USBD_RegisterClass)
    i.USBD_SetClassConfig                    0x08002ca6   Section        0  usbd_core.o(i.USBD_SetClassConfig)
    i.USBD_SetConfig                         0x08002cbc   Section        0  usbd_ctlreq.o(i.USBD_SetConfig)
    USBD_SetConfig                           0x08002cbd   Thumb Code   128  usbd_ctlreq.o(i.USBD_SetConfig)
    i.USBD_Start                             0x08002d40   Section        0  usbd_core.o(i.USBD_Start)
    i.USBD_StdDevReq                         0x08002d4a   Section        0  usbd_ctlreq.o(i.USBD_StdDevReq)
    i.USBD_StdEPReq                          0x08002e5c   Section        0  usbd_ctlreq.o(i.USBD_StdEPReq)
    i.USBD_StdItfReq                         0x08002fac   Section        0  usbd_ctlreq.o(i.USBD_StdItfReq)
    i.USBD_static_free                       0x08002ffa   Section        0  usbd_conf.o(i.USBD_static_free)
    i.USBD_static_malloc                     0x08002ffc   Section        0  usbd_conf.o(i.USBD_static_malloc)
    i.USB_ActivateEndpoint                   0x08003004   Section        0  stm32f1xx_ll_usb.o(i.USB_ActivateEndpoint)
    i.USB_CoreInit                           0x080032a0   Section        0  stm32f1xx_ll_usb.o(i.USB_CoreInit)
    i.USB_DeactivateEndpoint                 0x080032a4   Section        0  stm32f1xx_ll_usb.o(i.USB_DeactivateEndpoint)
    i.USB_DevConnect                         0x080033b2   Section        0  stm32f1xx_ll_usb.o(i.USB_DevConnect)
    i.USB_DevDisconnect                      0x080033b6   Section        0  stm32f1xx_ll_usb.o(i.USB_DevDisconnect)
    i.USB_DevInit                            0x080033ba   Section        0  stm32f1xx_ll_usb.o(i.USB_DevInit)
    i.USB_DisableGlobalInt                   0x080033cc   Section        0  stm32f1xx_ll_usb.o(i.USB_DisableGlobalInt)
    i.USB_EP0_OutStart                       0x080033da   Section        0  stm32f1xx_ll_usb.o(i.USB_EP0_OutStart)
    i.USB_EPClearStall                       0x080033de   Section        0  stm32f1xx_ll_usb.o(i.USB_EPClearStall)
    i.USB_EPSetStall                         0x08003456   Section        0  stm32f1xx_ll_usb.o(i.USB_EPSetStall)
    i.USB_EPStartXfer                        0x08003488   Section        0  stm32f1xx_ll_usb.o(i.USB_EPStartXfer)
    i.USB_EnableGlobalInt                    0x0800396a   Section        0  stm32f1xx_ll_usb.o(i.USB_EnableGlobalInt)
    i.USB_LP_CAN1_RX0_IRQHandler             0x0800397c   Section        0  stm32f1xx_it.o(i.USB_LP_CAN1_RX0_IRQHandler)
    i.USB_ReadInterrupts                     0x08003988   Section        0  stm32f1xx_ll_usb.o(i.USB_ReadInterrupts)
    i.USB_ReadPMA                            0x08003990   Section        0  stm32f1xx_ll_usb.o(i.USB_ReadPMA)
    i.USB_SetCurrentMode                     0x080039bc   Section        0  stm32f1xx_ll_usb.o(i.USB_SetCurrentMode)
    i.USB_SetDevAddress                      0x080039c0   Section        0  stm32f1xx_ll_usb.o(i.USB_SetDevAddress)
    i.USB_WritePMA                           0x080039cc   Section        0  stm32f1xx_ll_usb.o(i.USB_WritePMA)
    i.UsageFault_Handler                     0x080039f2   Section        0  stm32f1xx_it.o(i.UsageFault_Handler)
    i.WriteCmd                               0x080039f4   Section        0  oled.o(i.WriteCmd)
    i.__NVIC_SetPriority                     0x08003a28   Section        0  stm32f1xx_hal_cortex.o(i.__NVIC_SetPriority)
    __NVIC_SetPriority                       0x08003a29   Thumb Code    32  stm32f1xx_hal_cortex.o(i.__NVIC_SetPriority)
    i.main                                   0x08003a48   Section        0  main.o(i.main)
    .constdata                               0x08003ac0   Section       18  stm32f1xx_hal_rcc.o(.constdata)
    aPredivFactorTable                       0x08003ac0   Data           2  stm32f1xx_hal_rcc.o(.constdata)
    aPLLMULFactorTable                       0x08003ac2   Data          16  stm32f1xx_hal_rcc.o(.constdata)
    .constdata                               0x08003ad2   Section       16  system_stm32f1xx.o(.constdata)
    .constdata                               0x08003ae2   Section        8  system_stm32f1xx.o(.constdata)
    .data                                    0x20000000   Section       27  oled.o(.data)
    .data                                    0x2000001c   Section       12  stm32f1xx_hal.o(.data)
    .data                                    0x20000028   Section        4  system_stm32f1xx.o(.data)
    .data                                    0x2000002c   Section       28  usbd_desc.o(.data)
    .data                                    0x20000048   Section       50  usbd_desc.o(.data)
    .data                                    0x2000007a   Section        2  usbd_cdc_if.o(.data)
    .data                                    0x2000007c   Section       16  usbd_cdc_if.o(.data)
    .data                                    0x2000008c   Section        1  usbd_ctlreq.o(.data)
    cfgidx                                   0x2000008c   Data           1  usbd_ctlreq.o(.data)
    .data                                    0x20000090   Section      215  usbd_cdc.o(.data)
    USBD_CDC_DeviceQualifierDesc             0x20000090   Data          10  usbd_cdc.o(.data)
    .data                                    0x20000168   Section       56  usbd_cdc.o(.data)
    .bss                                     0x200001a0   Section       84  i2c.o(.bss)
    .bss                                     0x200001f4   Section      708  usb_device.o(.bss)
    .bss                                     0x200004b8   Section      512  usbd_desc.o(.bss)
    .bss                                     0x200006b8   Section     2112  usbd_cdc_if.o(.bss)
    .bss                                     0x20000ef8   Section     1272  usbd_conf.o(.bss)
    mem                                      0x20000ef8   Data         544  usbd_conf.o(.bss)
    .bss                                     0x200013f0   Section       96  libspace.o(.bss)
    HEAP                                     0x20001450   Section     2048  startup_stm32f10x_md.o(HEAP)
    Heap_Mem                                 0x20001450   Data        2048  startup_stm32f10x_md.o(HEAP)
    STACK                                    0x20001c50   Section     1024  startup_stm32f10x_md.o(STACK)
    Stack_Mem                                0x20001c50   Data        1024  startup_stm32f10x_md.o(STACK)
    __initial_sp                             0x20002050   Data           0  startup_stm32f10x_md.o(STACK)

    Global Symbols

    Symbol Name                              Value     Ov Type        Size  Object(Section)

    BuildAttributes$$THM_ISAv4$P$D$K$B$S$PE$A:L22UL41UL21$X:L11$S22US41US21$IEEE1$IW$USESV6$~STKCKD$USESV7$~SHL$OSPACE$ROPI$EBA8$UX$STANDARDLIB$REQ8$PRES8$EABIv2 0x00000000   Number         0  anon$$obj.o ABSOLUTE
    __ARM_use_no_argv                        0x00000000   Number         0  main.o ABSOLUTE
    __ARM_exceptions_init                     - Undefined Weak Reference
    __alloca_initialize                       - Undefined Weak Reference
    __arm_fini_                               - Undefined Weak Reference
    __arm_preinit_                            - Undefined Weak Reference
    __cpp_initialize__aeabi_                  - Undefined Weak Reference
    __cxa_finalize                            - Undefined Weak Reference
    __rt_locale                               - Undefined Weak Reference
    __sigvec_lookup                           - Undefined Weak Reference
    _atexit_init                              - Undefined Weak Reference
    _call_atexit_fns                          - Undefined Weak Reference
    _clock_init                               - Undefined Weak Reference
    _fp_trap_init                             - Undefined Weak Reference
    _fp_trap_shutdown                         - Undefined Weak Reference
    _get_lc_collate                           - Undefined Weak Reference
    _get_lc_ctype                             - Undefined Weak Reference
    _get_lc_monetary                          - Undefined Weak Reference
    _get_lc_numeric                           - Undefined Weak Reference
    _get_lc_time                              - Undefined Weak Reference
    _getenv_init                              - Undefined Weak Reference
    _handle_redirection                       - Undefined Weak Reference
    _init_alloc                               - Undefined Weak Reference
    _init_user_alloc                          - Undefined Weak Reference
    _initio                                   - Undefined Weak Reference
    _rand_init                                - Undefined Weak Reference
    _signal_finish                            - Undefined Weak Reference
    _signal_init                              - Undefined Weak Reference
    _terminate_alloc                          - Undefined Weak Reference
    _terminate_user_alloc                     - Undefined Weak Reference
    _terminateio                              - Undefined Weak Reference
    __Vectors_Size                           0x000000ec   Number         0  startup_stm32f10x_md.o ABSOLUTE
    __Vectors                                0x08000000   Data           4  startup_stm32f10x_md.o(RESET)
    __Vectors_End                            0x080000ec   Data           0  startup_stm32f10x_md.o(RESET)
    __main                                   0x080000ed   Thumb Code     8  __main.o(!!!main)
    __scatterload                            0x080000f5   Thumb Code     0  __scatter.o(!!!scatter)
    __scatterload_rt2                        0x080000f5   Thumb Code    44  __scatter.o(!!!scatter)
    __scatterload_rt2_thumb_only             0x080000f5   Thumb Code     0  __scatter.o(!!!scatter)
    __scatterload_null                       0x08000103   Thumb Code     0  __scatter.o(!!!scatter)
    __decompress                             0x08000129   Thumb Code    90  __dczerorl2.o(!!dczerorl2)
    __decompress1                            0x08000129   Thumb Code     0  __dczerorl2.o(!!dczerorl2)
    __scatterload_zeroinit                   0x08000185   Thumb Code    28  __scatter_zi.o(!!handler_zi)
    __rt_lib_init                            0x080001a1   Thumb Code     0  libinit.o(.ARM.Collect$$libinit$$00000000)
    __rt_lib_init_alloca_1                   0x080001a3   Thumb Code     0  libinit2.o(.ARM.Collect$$libinit$$0000002E)
    __rt_lib_init_argv_1                     0x080001a3   Thumb Code     0  libinit2.o(.ARM.Collect$$libinit$$0000002C)
    __rt_lib_init_atexit_1                   0x080001a3   Thumb Code     0  libinit2.o(.ARM.Collect$$libinit$$0000001B)
    __rt_lib_init_clock_1                    0x080001a3   Thumb Code     0  libinit2.o(.ARM.Collect$$libinit$$00000021)
    __rt_lib_init_cpp_1                      0x080001a3   Thumb Code     0  libinit2.o(.ARM.Collect$$libinit$$00000032)
    __rt_lib_init_exceptions_1               0x080001a3   Thumb Code     0  libinit2.o(.ARM.Collect$$libinit$$00000030)
    __rt_lib_init_fp_1                       0x080001a3   Thumb Code     0  libinit2.o(.ARM.Collect$$libinit$$00000002)
    __rt_lib_init_fp_trap_1                  0x080001a3   Thumb Code     0  libinit2.o(.ARM.Collect$$libinit$$0000001F)
    __rt_lib_init_getenv_1                   0x080001a3   Thumb Code     0  libinit2.o(.ARM.Collect$$libinit$$00000023)
    __rt_lib_init_heap_1                     0x080001a3   Thumb Code     0  libinit2.o(.ARM.Collect$$libinit$$0000000A)
    __rt_lib_init_lc_collate_1               0x080001a3   Thumb Code     0  libinit2.o(.ARM.Collect$$libinit$$00000011)
    __rt_lib_init_lc_ctype_1                 0x080001a3   Thumb Code     0  libinit2.o(.ARM.Collect$$libinit$$00000013)
    __rt_lib_init_lc_monetary_1              0x080001a3   Thumb Code     0  libinit2.o(.ARM.Collect$$libinit$$00000015)
    __rt_lib_init_lc_numeric_1               0x080001a3   Thumb Code     0  libinit2.o(.ARM.Collect$$libinit$$00000017)
    __rt_lib_init_lc_time_1                  0x080001a3   Thumb Code     0  libinit2.o(.ARM.Collect$$libinit$$00000019)
    __rt_lib_init_preinit_1                  0x080001a3   Thumb Code     0  libinit2.o(.ARM.Collect$$libinit$$00000004)
    __rt_lib_init_rand_1                     0x080001a3   Thumb Code     0  libinit2.o(.ARM.Collect$$libinit$$0000000E)
    __rt_lib_init_return                     0x080001a3   Thumb Code     0  libinit2.o(.ARM.Collect$$libinit$$00000033)
    __rt_lib_init_signal_1                   0x080001a3   Thumb Code     0  libinit2.o(.ARM.Collect$$libinit$$0000001D)
    __rt_lib_init_stdio_1                    0x080001a3   Thumb Code     0  libinit2.o(.ARM.Collect$$libinit$$00000025)
    __rt_lib_init_user_alloc_1               0x080001a3   Thumb Code     0  libinit2.o(.ARM.Collect$$libinit$$0000000C)
    __rt_lib_shutdown                        0x080001a5   Thumb Code     0  libshutdown.o(.ARM.Collect$$libshutdown$$00000000)
    __rt_lib_shutdown_cpp_1                  0x080001a7   Thumb Code     0  libshutdown2.o(.ARM.Collect$$libshutdown$$00000004)
    __rt_lib_shutdown_fini_1                 0x080001a7   Thumb Code     0  libshutdown2.o(.ARM.Collect$$libshutdown$$00000002)
    __rt_lib_shutdown_fp_trap_1              0x080001a7   Thumb Code     0  libshutdown2.o(.ARM.Collect$$libshutdown$$00000009)
    __rt_lib_shutdown_heap_1                 0x080001a7   Thumb Code     0  libshutdown2.o(.ARM.Collect$$libshutdown$$00000011)
    __rt_lib_shutdown_return                 0x080001a7   Thumb Code     0  libshutdown2.o(.ARM.Collect$$libshutdown$$00000012)
    __rt_lib_shutdown_signal_1               0x080001a7   Thumb Code     0  libshutdown2.o(.ARM.Collect$$libshutdown$$0000000C)
    __rt_lib_shutdown_stdio_1                0x080001a7   Thumb Code     0  libshutdown2.o(.ARM.Collect$$libshutdown$$00000006)
    __rt_lib_shutdown_user_alloc_1           0x080001a7   Thumb Code     0  libshutdown2.o(.ARM.Collect$$libshutdown$$0000000E)
    __rt_entry                               0x080001a9   Thumb Code     0  __rtentry.o(.ARM.Collect$$rtentry$$00000000)
    __rt_entry_presh_1                       0x080001a9   Thumb Code     0  __rtentry2.o(.ARM.Collect$$rtentry$$00000002)
    __rt_entry_sh                            0x080001a9   Thumb Code     0  __rtentry4.o(.ARM.Collect$$rtentry$$00000004)
    __rt_entry_li                            0x080001af   Thumb Code     0  __rtentry2.o(.ARM.Collect$$rtentry$$0000000A)
    __rt_entry_postsh_1                      0x080001af   Thumb Code     0  __rtentry2.o(.ARM.Collect$$rtentry$$00000009)
    __rt_entry_main                          0x080001b3   Thumb Code     0  __rtentry2.o(.ARM.Collect$$rtentry$$0000000D)
    __rt_entry_postli_1                      0x080001b3   Thumb Code     0  __rtentry2.o(.ARM.Collect$$rtentry$$0000000C)
    __rt_exit                                0x080001bb   Thumb Code     0  rtexit.o(.ARM.Collect$$rtexit$$00000000)
    __rt_exit_ls                             0x080001bd   Thumb Code     0  rtexit2.o(.ARM.Collect$$rtexit$$00000003)
    __rt_exit_prels_1                        0x080001bd   Thumb Code     0  rtexit2.o(.ARM.Collect$$rtexit$$00000002)
    __rt_exit_exit                           0x080001c1   Thumb Code     0  rtexit2.o(.ARM.Collect$$rtexit$$00000004)
    Reset_Handler                            0x080001c9   Thumb Code     8  startup_stm32f10x_md.o(.text)
    ADC1_2_IRQHandler                        0x080001e3   Thumb Code     0  startup_stm32f10x_md.o(.text)
    CAN1_RX1_IRQHandler                      0x080001e3   Thumb Code     0  startup_stm32f10x_md.o(.text)
    CAN1_SCE_IRQHandler                      0x080001e3   Thumb Code     0  startup_stm32f10x_md.o(.text)
    DMA1_Channel1_IRQHandler                 0x080001e3   Thumb Code     0  startup_stm32f10x_md.o(.text)
    DMA1_Channel2_IRQHandler                 0x080001e3   Thumb Code     0  startup_stm32f10x_md.o(.text)
    DMA1_Channel3_IRQHandler                 0x080001e3   Thumb Code     0  startup_stm32f10x_md.o(.text)
    DMA1_Channel4_IRQHandler                 0x080001e3   Thumb Code     0  startup_stm32f10x_md.o(.text)
    DMA1_Channel5_IRQHandler                 0x080001e3   Thumb Code     0  startup_stm32f10x_md.o(.text)
    DMA1_Channel6_IRQHandler                 0x080001e3   Thumb Code     0  startup_stm32f10x_md.o(.text)
    DMA1_Channel7_IRQHandler                 0x080001e3   Thumb Code     0  startup_stm32f10x_md.o(.text)
    EXTI0_IRQHandler                         0x080001e3   Thumb Code     0  startup_stm32f10x_md.o(.text)
    EXTI15_10_IRQHandler                     0x080001e3   Thumb Code     0  startup_stm32f10x_md.o(.text)
    EXTI1_IRQHandler                         0x080001e3   Thumb Code     0  startup_stm32f10x_md.o(.text)
    EXTI2_IRQHandler                         0x080001e3   Thumb Code     0  startup_stm32f10x_md.o(.text)
    EXTI3_IRQHandler                         0x080001e3   Thumb Code     0  startup_stm32f10x_md.o(.text)
    EXTI4_IRQHandler                         0x080001e3   Thumb Code     0  startup_stm32f10x_md.o(.text)
    EXTI9_5_IRQHandler                       0x080001e3   Thumb Code     0  startup_stm32f10x_md.o(.text)
    FLASH_IRQHandler                         0x080001e3   Thumb Code     0  startup_stm32f10x_md.o(.text)
    I2C1_ER_IRQHandler                       0x080001e3   Thumb Code     0  startup_stm32f10x_md.o(.text)
    I2C1_EV_IRQHandler                       0x080001e3   Thumb Code     0  startup_stm32f10x_md.o(.text)
    I2C2_ER_IRQHandler                       0x080001e3   Thumb Code     0  startup_stm32f10x_md.o(.text)
    I2C2_EV_IRQHandler                       0x080001e3   Thumb Code     0  startup_stm32f10x_md.o(.text)
    PVD_IRQHandler                           0x080001e3   Thumb Code     0  startup_stm32f10x_md.o(.text)
    RCC_IRQHandler                           0x080001e3   Thumb Code     0  startup_stm32f10x_md.o(.text)
    RTCAlarm_IRQHandler                      0x080001e3   Thumb Code     0  startup_stm32f10x_md.o(.text)
    RTC_IRQHandler                           0x080001e3   Thumb Code     0  startup_stm32f10x_md.o(.text)
    SPI1_IRQHandler                          0x080001e3   Thumb Code     0  startup_stm32f10x_md.o(.text)
    SPI2_IRQHandler                          0x080001e3   Thumb Code     0  startup_stm32f10x_md.o(.text)
    TAMPER_IRQHandler                        0x080001e3   Thumb Code     0  startup_stm32f10x_md.o(.text)
    TIM1_BRK_IRQHandler                      0x080001e3   Thumb Code     0  startup_stm32f10x_md.o(.text)
    TIM1_CC_IRQHandler                       0x080001e3   Thumb Code     0  startup_stm32f10x_md.o(.text)
    TIM1_TRG_COM_IRQHandler                  0x080001e3   Thumb Code     0  startup_stm32f10x_md.o(.text)
    TIM1_UP_IRQHandler                       0x080001e3   Thumb Code     0  startup_stm32f10x_md.o(.text)
    TIM2_IRQHandler                          0x080001e3   Thumb Code     0  startup_stm32f10x_md.o(.text)
    TIM3_IRQHandler                          0x080001e3   Thumb Code     0  startup_stm32f10x_md.o(.text)
    TIM4_IRQHandler                          0x080001e3   Thumb Code     0  startup_stm32f10x_md.o(.text)
    USART1_IRQHandler                        0x080001e3   Thumb Code     0  startup_stm32f10x_md.o(.text)
    USART2_IRQHandler                        0x080001e3   Thumb Code     0  startup_stm32f10x_md.o(.text)
    USART3_IRQHandler                        0x080001e3   Thumb Code     0  startup_stm32f10x_md.o(.text)
    USBWakeUp_IRQHandler                     0x080001e3   Thumb Code     0  startup_stm32f10x_md.o(.text)
    USB_HP_CAN1_TX_IRQHandler                0x080001e3   Thumb Code     0  startup_stm32f10x_md.o(.text)
    WWDG_IRQHandler                          0x080001e3   Thumb Code     0  startup_stm32f10x_md.o(.text)
    __user_initial_stackheap                 0x080001e5   Thumb Code     0  startup_stm32f10x_md.o(.text)
    __aeabi_memcpy                           0x08000209   Thumb Code     0  rt_memcpy_v6.o(.text)
    __rt_memcpy                              0x08000209   Thumb Code   138  rt_memcpy_v6.o(.text)
    _memcpy_lastbytes                        0x0800026f   Thumb Code     0  rt_memcpy_v6.o(.text)
    __aeabi_memclr                           0x08000293   Thumb Code     0  rt_memclr.o(.text)
    __rt_memclr                              0x08000293   Thumb Code    68  rt_memclr.o(.text)
    _memset                                  0x08000297   Thumb Code     0  rt_memclr.o(.text)
    __aeabi_memclr4                          0x080002d7   Thumb Code     0  rt_memclr_w.o(.text)
    __aeabi_memclr8                          0x080002d7   Thumb Code     0  rt_memclr_w.o(.text)
    __rt_memclr_w                            0x080002d7   Thumb Code    78  rt_memclr_w.o(.text)
    _memset_w                                0x080002db   Thumb Code     0  rt_memclr_w.o(.text)
    __use_two_region_memory                  0x08000325   Thumb Code     2  heapauxi.o(.text)
    __rt_heap_escrow$2region                 0x08000327   Thumb Code     2  heapauxi.o(.text)
    __rt_heap_expand$2region                 0x08000329   Thumb Code     2  heapauxi.o(.text)
    __aeabi_memcpy4                          0x0800032b   Thumb Code     0  rt_memcpy_w.o(.text)
    __aeabi_memcpy8                          0x0800032b   Thumb Code     0  rt_memcpy_w.o(.text)
    __rt_memcpy_w                            0x0800032b   Thumb Code   100  rt_memcpy_w.o(.text)
    _memcpy_lastbytes_aligned                0x08000373   Thumb Code     0  rt_memcpy_w.o(.text)
    __user_setup_stackheap                   0x0800038f   Thumb Code    74  sys_stackheap_outer.o(.text)
    exit                                     0x080003d9   Thumb Code    18  exit.o(.text)
    __user_libspace                          0x080003ed   Thumb Code     8  libspace.o(.text)
    __user_perproc_libspace                  0x080003ed   Thumb Code     0  libspace.o(.text)
    __user_perthread_libspace                0x080003ed   Thumb Code     0  libspace.o(.text)
    _sys_exit                                0x080003f5   Thumb Code     8  sys_exit.o(.text)
    __I$use$semihosting                      0x08000401   Thumb Code     0  use_no_semi.o(.text)
    __use_no_semihosting_swi                 0x08000401   Thumb Code     2  use_no_semi.o(.text)
    BusFault_Handler                         0x08000403   Thumb Code     2  stm32f1xx_it.o(i.BusFault_Handler)
    __semihosting_library_function           0x08000403   Thumb Code     0  indicate_semi.o(.text)
    CDC_Transmit_FS                          0x08000475   Thumb Code    38  usbd_cdc_if.o(i.CDC_Transmit_FS)
    DebugMon_Handler                         0x080004a1   Thumb Code     2  stm32f1xx_it.o(i.DebugMon_Handler)
    Error_Handler                            0x080004a3   Thumb Code     4  main.o(i.Error_Handler)
    HAL_Delay                                0x080004a9   Thumb Code    32  stm32f1xx_hal.o(i.HAL_Delay)
    HAL_GPIO_Init                            0x080004cd   Thumb Code   418  stm32f1xx_hal_gpio.o(i.HAL_GPIO_Init)
    HAL_GetTick                              0x0800068d   Thumb Code     6  stm32f1xx_hal.o(i.HAL_GetTick)
    HAL_I2C_Init                             0x08000699   Thumb Code   376  stm32f1xx_hal_i2c.o(i.HAL_I2C_Init)
    HAL_I2C_Mem_Write                        0x08000821   Thumb Code   294  stm32f1xx_hal_i2c.o(i.HAL_I2C_Mem_Write)
    HAL_I2C_MspInit                          0x08000951   Thumb Code    80  i2c.o(i.HAL_I2C_MspInit)
    HAL_IncTick                              0x080009ad   Thumb Code    12  stm32f1xx_hal.o(i.HAL_IncTick)
    HAL_Init                                 0x080009bd   Thumb Code    32  stm32f1xx_hal.o(i.HAL_Init)
    HAL_InitTick                             0x080009e1   Thumb Code    54  stm32f1xx_hal.o(i.HAL_InitTick)
    HAL_MspInit                              0x08000a21   Thumb Code    52  stm32f1xx_hal_msp.o(i.HAL_MspInit)
    HAL_NVIC_EnableIRQ                       0x08000a5d   Thumb Code    26  stm32f1xx_hal_cortex.o(i.HAL_NVIC_EnableIRQ)
    HAL_NVIC_SetPriority                     0x08000a79   Thumb Code    60  stm32f1xx_hal_cortex.o(i.HAL_NVIC_SetPriority)
    HAL_NVIC_SetPriorityGrouping             0x08000ab9   Thumb Code    26  stm32f1xx_hal_cortex.o(i.HAL_NVIC_SetPriorityGrouping)
    HAL_PCDEx_PMAConfig                      0x08000add   Thumb Code    60  stm32f1xx_hal_pcd_ex.o(i.HAL_PCDEx_PMAConfig)
    HAL_PCDEx_SetConnectionState             0x08000b19   Thumb Code     2  usbd_conf.o(i.HAL_PCDEx_SetConnectionState)
    HAL_PCD_DataInStageCallback              0x08000b1b   Thumb Code    18  usbd_conf.o(i.HAL_PCD_DataInStageCallback)
    HAL_PCD_DataOutStageCallback             0x08000b2d   Thumb Code    20  usbd_conf.o(i.HAL_PCD_DataOutStageCallback)
    HAL_PCD_EP_Close                         0x08000b41   Thumb Code    74  stm32f1xx_hal_pcd.o(i.HAL_PCD_EP_Close)
    HAL_PCD_EP_ClrStall                      0x08000b8b   Thumb Code    90  stm32f1xx_hal_pcd.o(i.HAL_PCD_EP_ClrStall)
    HAL_PCD_EP_GetRxCount                    0x08001003   Thumb Code    18  stm32f1xx_hal_pcd.o(i.HAL_PCD_EP_GetRxCount)
    HAL_PCD_EP_Open                          0x08001015   Thumb Code    88  stm32f1xx_hal_pcd.o(i.HAL_PCD_EP_Open)
    HAL_PCD_EP_Receive                       0x0800106d   Thumb Code    46  stm32f1xx_hal_pcd.o(i.HAL_PCD_EP_Receive)
    HAL_PCD_EP_SetStall                      0x0800109b   Thumb Code   112  stm32f1xx_hal_pcd.o(i.HAL_PCD_EP_SetStall)
    HAL_PCD_EP_Transmit                      0x0800110b   Thumb Code    46  stm32f1xx_hal_pcd.o(i.HAL_PCD_EP_Transmit)
    HAL_PCD_IRQHandler                       0x08001139   Thumb Code   308  stm32f1xx_hal_pcd.o(i.HAL_PCD_IRQHandler)
    HAL_PCD_Init                             0x0800126d   Thumb Code   186  stm32f1xx_hal_pcd.o(i.HAL_PCD_Init)
    HAL_PCD_MspInit                          0x08001329   Thumb Code    94  usbd_conf.o(i.HAL_PCD_MspInit)
    HAL_PCD_ResetCallback                    0x08001395   Thumb Code    38  usbd_conf.o(i.HAL_PCD_ResetCallback)
    HAL_PCD_ResumeCallback                   0x080013bb   Thumb Code     8  usbd_conf.o(i.HAL_PCD_ResumeCallback)
    HAL_PCD_SOFCallback                      0x080013c3   Thumb Code     8  usbd_conf.o(i.HAL_PCD_SOFCallback)
    HAL_PCD_SetAddress                       0x080013cb   Thumb Code    38  stm32f1xx_hal_pcd.o(i.HAL_PCD_SetAddress)
    HAL_PCD_SetupStageCallback               0x080013f1   Thumb Code    14  usbd_conf.o(i.HAL_PCD_SetupStageCallback)
    HAL_PCD_Start                            0x080013ff   Thumb Code    50  stm32f1xx_hal_pcd.o(i.HAL_PCD_Start)
    HAL_PCD_SuspendCallback                  0x08001431   Thumb Code    30  usbd_conf.o(i.HAL_PCD_SuspendCallback)
    HAL_RCCEx_PeriphCLKConfig                0x08001455   Thumb Code   224  stm32f1xx_hal_rcc_ex.o(i.HAL_RCCEx_PeriphCLKConfig)
    HAL_RCC_ClockConfig                      0x08001541   Thumb Code   280  stm32f1xx_hal_rcc.o(i.HAL_RCC_ClockConfig)
    HAL_RCC_GetPCLK1Freq                     0x0800166d   Thumb Code    20  stm32f1xx_hal_rcc.o(i.HAL_RCC_GetPCLK1Freq)
    HAL_RCC_GetSysClockFreq                  0x0800168d   Thumb Code    58  stm32f1xx_hal_rcc.o(i.HAL_RCC_GetSysClockFreq)
    HAL_RCC_OscConfig                        0x080016d9   Thumb Code   778  stm32f1xx_hal_rcc.o(i.HAL_RCC_OscConfig)
    HAL_SYSTICK_Config                       0x080019f9   Thumb Code    40  stm32f1xx_hal_cortex.o(i.HAL_SYSTICK_Config)
    HardFault_Handler                        0x08001a21   Thumb Code     2  stm32f1xx_it.o(i.HardFault_Handler)
    MX_GPIO_Init                             0x08001d2d   Thumb Code    54  gpio.o(i.MX_GPIO_Init)
    MX_I2C1_Init                             0x08001d69   Thumb Code    50  i2c.o(i.MX_I2C1_Init)
    MX_USB_DEVICE_Init                       0x08001da9   Thumb Code    66  usb_device.o(i.MX_USB_DEVICE_Init)
    MemManage_Handler                        0x08001dfd   Thumb Code     2  stm32f1xx_it.o(i.MemManage_Handler)
    NMI_Handler                              0x08001dff   Thumb Code     2  stm32f1xx_it.o(i.NMI_Handler)
    OLED_Clear                               0x08001e01   Thumb Code    52  oled.o(i.OLED_Clear)
    OLED_Display_On                          0x08001e35   Thumb Code    24  oled.o(i.OLED_Display_On)
    OLED_Draw12864BMP                        0x08001e4d   Thumb Code    50  oled.o(i.OLED_Draw12864BMP)
    OLED_Init                                0x08001e7f   Thumb Code    16  oled.o(i.OLED_Init)
    OLED_Set_Pos                             0x08001e8f   Thumb Code    34  oled.o(i.OLED_Set_Pos)
    OLED_WR_CMD                              0x08001eb1   Thumb Code    32  oled.o(i.OLED_WR_CMD)
    OLED_WR_DATA                             0x08001ed5   Thumb Code    32  oled.o(i.OLED_WR_DATA)
    PendSV_Handler                           0x0800229f   Thumb Code     2  stm32f1xx_it.o(i.PendSV_Handler)
    SVC_Handler                              0x080022a1   Thumb Code     2  stm32f1xx_it.o(i.SVC_Handler)
    SysTick_Handler                          0x080022a3   Thumb Code     4  stm32f1xx_it.o(i.SysTick_Handler)
    SystemClock_Config                       0x080022a7   Thumb Code   118  main.o(i.SystemClock_Config)
    SystemInit                               0x0800231d   Thumb Code     2  system_stm32f1xx.o(i.SystemInit)
    USBD_CDC_GetDeviceQualifierDescriptor    0x080023fd   Thumb Code     8  usbd_cdc.o(i.USBD_CDC_GetDeviceQualifierDescriptor)
    USBD_CDC_ReceivePacket                   0x080024c1   Thumb Code    40  usbd_cdc.o(i.USBD_CDC_ReceivePacket)
    USBD_CDC_RegisterInterface               0x080024e9   Thumb Code    16  usbd_cdc.o(i.USBD_CDC_RegisterInterface)
    USBD_CDC_SetRxBuffer                     0x080024f9   Thumb Code    12  usbd_cdc.o(i.USBD_CDC_SetRxBuffer)
    USBD_CDC_SetTxBuffer                     0x08002505   Thumb Code    16  usbd_cdc.o(i.USBD_CDC_SetTxBuffer)
    USBD_CDC_TransmitPacket                  0x080025c1   Thumb Code    54  usbd_cdc.o(i.USBD_CDC_TransmitPacket)
    USBD_ClrClassConfig                      0x080025f7   Thumb Code    14  usbd_core.o(i.USBD_ClrClassConfig)
    USBD_CtlContinueRx                       0x08002605   Thumb Code    16  usbd_ioreq.o(i.USBD_CtlContinueRx)
    USBD_CtlContinueSendData                 0x08002615   Thumb Code    16  usbd_ioreq.o(i.USBD_CtlContinueSendData)
    USBD_CtlError                            0x08002625   Thumb Code    22  usbd_ctlreq.o(i.USBD_CtlError)
    USBD_CtlPrepareRx                        0x0800263b   Thumb Code    30  usbd_ioreq.o(i.USBD_CtlPrepareRx)
    USBD_CtlReceiveStatus                    0x08002659   Thumb Code    22  usbd_ioreq.o(i.USBD_CtlReceiveStatus)
    USBD_CtlSendData                         0x0800266f   Thumb Code    26  usbd_ioreq.o(i.USBD_CtlSendData)
    USBD_CtlSendStatus                       0x08002689   Thumb Code    22  usbd_ioreq.o(i.USBD_CtlSendStatus)
    USBD_FS_ConfigStrDescriptor              0x080026a1   Thumb Code    16  usbd_desc.o(i.USBD_FS_ConfigStrDescriptor)
    USBD_FS_DeviceDescriptor                 0x080026c1   Thumb Code     8  usbd_desc.o(i.USBD_FS_DeviceDescriptor)
    USBD_FS_InterfaceStrDescriptor           0x080026cd   Thumb Code    16  usbd_desc.o(i.USBD_FS_InterfaceStrDescriptor)
    USBD_FS_LangIDStrDescriptor              0x080026f1   Thumb Code     8  usbd_desc.o(i.USBD_FS_LangIDStrDescriptor)
    USBD_FS_ManufacturerStrDescriptor        0x080026fd   Thumb Code    16  usbd_desc.o(i.USBD_FS_ManufacturerStrDescriptor)
    USBD_FS_ProductStrDescriptor             0x08002725   Thumb Code    16  usbd_desc.o(i.USBD_FS_ProductStrDescriptor)
    USBD_FS_SerialStrDescriptor              0x08002751   Thumb Code    48  usbd_desc.o(i.USBD_FS_SerialStrDescriptor)
    USBD_GetString                           0x08002871   Thumb Code    72  usbd_ctlreq.o(i.USBD_GetString)
    USBD_Init                                0x080028d1   Thumb Code    42  usbd_core.o(i.USBD_Init)
    USBD_LL_ClearStallEP                     0x080028fb   Thumb Code    18  usbd_conf.o(i.USBD_LL_ClearStallEP)
    USBD_LL_CloseEP                          0x0800290d   Thumb Code    18  usbd_conf.o(i.USBD_LL_CloseEP)
    USBD_LL_DataInStage                      0x0800291f   Thumb Code   198  usbd_core.o(i.USBD_LL_DataInStage)
    USBD_LL_DataOutStage                     0x080029e5   Thumb Code   130  usbd_core.o(i.USBD_LL_DataOutStage)
    USBD_LL_GetRxDataSize                    0x08002a67   Thumb Code     8  usbd_conf.o(i.USBD_LL_GetRxDataSize)
    USBD_LL_Init                             0x08002a71   Thumb Code   118  usbd_conf.o(i.USBD_LL_Init)
    USBD_LL_IsStallEP                        0x08002af1   Thumb Code    30  usbd_conf.o(i.USBD_LL_IsStallEP)
    USBD_LL_OpenEP                           0x08002b0f   Thumb Code    24  usbd_conf.o(i.USBD_LL_OpenEP)
    USBD_LL_PrepareReceive                   0x08002b27   Thumb Code    18  usbd_conf.o(i.USBD_LL_PrepareReceive)
    USBD_LL_Reset                            0x08002b39   Thumb Code    80  usbd_core.o(i.USBD_LL_Reset)
    USBD_LL_Resume                           0x08002b89   Thumb Code    20  usbd_core.o(i.USBD_LL_Resume)
    USBD_LL_SOF                              0x08002b9d   Thumb Code    24  usbd_core.o(i.USBD_LL_SOF)
    USBD_LL_SetSpeed                         0x08002bb5   Thumb Code     6  usbd_core.o(i.USBD_LL_SetSpeed)
    USBD_LL_SetUSBAddress                    0x08002bbb   Thumb Code    18  usbd_conf.o(i.USBD_LL_SetUSBAddress)
    USBD_LL_SetupStage                       0x08002bcd   Thumb Code    90  usbd_core.o(i.USBD_LL_SetupStage)
    USBD_LL_StallEP                          0x08002c27   Thumb Code    18  usbd_conf.o(i.USBD_LL_StallEP)
    USBD_LL_Start                            0x08002c39   Thumb Code    18  usbd_conf.o(i.USBD_LL_Start)
    USBD_LL_Suspend                          0x08002c4b   Thumb Code    18  usbd_core.o(i.USBD_LL_Suspend)
    USBD_LL_Transmit                         0x08002c5d   Thumb Code    18  usbd_conf.o(i.USBD_LL_Transmit)
    USBD_ParseSetupRequest                   0x08002c6f   Thumb Code    40  usbd_ctlreq.o(i.USBD_ParseSetupRequest)
    USBD_RegisterClass                       0x08002c97   Thumb Code    16  usbd_core.o(i.USBD_RegisterClass)
    USBD_SetClassConfig                      0x08002ca7   Thumb Code    22  usbd_core.o(i.USBD_SetClassConfig)
    USBD_Start                               0x08002d41   Thumb Code    10  usbd_core.o(i.USBD_Start)
    USBD_StdDevReq                           0x08002d4b   Thumb Code   274  usbd_ctlreq.o(i.USBD_StdDevReq)
    USBD_StdEPReq                            0x08002e5d   Thumb Code   336  usbd_ctlreq.o(i.USBD_StdEPReq)
    USBD_StdItfReq                           0x08002fad   Thumb Code    78  usbd_ctlreq.o(i.USBD_StdItfReq)
    USBD_static_free                         0x08002ffb   Thumb Code     2  usbd_conf.o(i.USBD_static_free)
    USBD_static_malloc                       0x08002ffd   Thumb Code     4  usbd_conf.o(i.USBD_static_malloc)
    USB_ActivateEndpoint                     0x08003005   Thumb Code   668  stm32f1xx_ll_usb.o(i.USB_ActivateEndpoint)
    USB_CoreInit                             0x080032a1   Thumb Code     4  stm32f1xx_ll_usb.o(i.USB_CoreInit)
    USB_DeactivateEndpoint                   0x080032a5   Thumb Code   270  stm32f1xx_ll_usb.o(i.USB_DeactivateEndpoint)
    USB_DevConnect                           0x080033b3   Thumb Code     4  stm32f1xx_ll_usb.o(i.USB_DevConnect)
    USB_DevDisconnect                        0x080033b7   Thumb Code     4  stm32f1xx_ll_usb.o(i.USB_DevDisconnect)
    USB_DevInit                              0x080033bb   Thumb Code    18  stm32f1xx_ll_usb.o(i.USB_DevInit)
    USB_DisableGlobalInt                     0x080033cd   Thumb Code    14  stm32f1xx_ll_usb.o(i.USB_DisableGlobalInt)
    USB_EP0_OutStart                         0x080033db   Thumb Code     4  stm32f1xx_ll_usb.o(i.USB_EP0_OutStart)
    USB_EPClearStall                         0x080033df   Thumb Code   120  stm32f1xx_ll_usb.o(i.USB_EPClearStall)
    USB_EPSetStall                           0x08003457   Thumb Code    50  stm32f1xx_ll_usb.o(i.USB_EPSetStall)
    USB_EPStartXfer                          0x08003489   Thumb Code  1250  stm32f1xx_ll_usb.o(i.USB_EPStartXfer)
    USB_EnableGlobalInt                      0x0800396b   Thumb Code    18  stm32f1xx_ll_usb.o(i.USB_EnableGlobalInt)
    USB_LP_CAN1_RX0_IRQHandler               0x0800397d   Thumb Code     6  stm32f1xx_it.o(i.USB_LP_CAN1_RX0_IRQHandler)
    USB_ReadInterrupts                       0x08003989   Thumb Code     6  stm32f1xx_ll_usb.o(i.USB_ReadInterrupts)
    USB_ReadPMA                              0x08003991   Thumb Code    44  stm32f1xx_ll_usb.o(i.USB_ReadPMA)
    USB_SetCurrentMode                       0x080039bd   Thumb Code     4  stm32f1xx_ll_usb.o(i.USB_SetCurrentMode)
    USB_SetDevAddress                        0x080039c1   Thumb Code    12  stm32f1xx_ll_usb.o(i.USB_SetDevAddress)
    USB_WritePMA                             0x080039cd   Thumb Code    38  stm32f1xx_ll_usb.o(i.USB_WritePMA)
    UsageFault_Handler                       0x080039f3   Thumb Code     2  stm32f1xx_it.o(i.UsageFault_Handler)
    WriteCmd                                 0x080039f5   Thumb Code    42  oled.o(i.WriteCmd)
    main                                     0x08003a49   Thumb Code   108  main.o(i.main)
    AHBPrescTable                            0x08003ad2   Data          16  system_stm32f1xx.o(.constdata)
    APBPrescTable                            0x08003ae2   Data           8  system_stm32f1xx.o(.constdata)
    Region$$Table$$Base                      0x08003aec   Number         0  anon$$obj.o(Region$$Table)
    Region$$Table$$Limit                     0x08003b0c   Number         0  anon$$obj.o(Region$$Table)
    CMD_Data                                 0x20000000   Data          27  oled.o(.data)
    uwTickFreq                               0x2000001c   Data           1  stm32f1xx_hal.o(.data)
    uwTickPrio                               0x20000020   Data           4  stm32f1xx_hal.o(.data)
    uwTick                                   0x20000024   Data           4  stm32f1xx_hal.o(.data)
    SystemCoreClock                          0x20000028   Data           4  system_stm32f1xx.o(.data)
    FS_Desc                                  0x2000002c   Data          28  usbd_desc.o(.data)
    USBD_LangIDDesc                          0x20000048   Data           4  usbd_desc.o(.data)
    USBD_FS_DeviceDesc                       0x2000004c   Data          18  usbd_desc.o(.data)
    USBD_StringSerial                        0x20000060   Data          26  usbd_desc.o(.data)
    myUsbRxNum                               0x2000007a   Data           2  usbd_cdc_if.o(.data)
    USBD_Interface_fops_FS                   0x2000007c   Data          16  usbd_cdc_if.o(.data)
    USBD_CDC_CfgHSDesc                       0x2000009c   Data          67  usbd_cdc.o(.data)
    USBD_CDC_CfgFSDesc                       0x200000e0   Data          67  usbd_cdc.o(.data)
    USBD_CDC_OtherSpeedCfgDesc               0x20000124   Data          67  usbd_cdc.o(.data)
    USBD_CDC                                 0x20000168   Data          56  usbd_cdc.o(.data)
    hi2c1                                    0x200001a0   Data          84  i2c.o(.bss)
    hUsbDeviceFS                             0x200001f4   Data         708  usb_device.o(.bss)
    USBD_StrDesc                             0x200004b8   Data         512  usbd_desc.o(.bss)
    myUsbRxData                              0x200006b8   Data          64  usbd_cdc_if.o(.bss)
    UserRxBufferFS                           0x200006f8   Data        1024  usbd_cdc_if.o(.bss)
    UserTxBufferFS                           0x20000af8   Data        1024  usbd_cdc_if.o(.bss)
    hpcd_USB_FS                              0x20001118   Data         728  usbd_conf.o(.bss)
    __libspace_start                         0x200013f0   Data          96  libspace.o(.bss)
    __temporary_stack_top$libspace           0x20001450   Data           0  libspace.o(.bss)



==============================================================================

Memory Map of the image

  Image Entry point : 0x080000ed

  Load Region LR_IROM1 (Base: 0x08000000, Size: 0x00003cac, Max: 0x00008000, ABSOLUTE, COMPRESSED[0x00003be8])

    Execution Region ER_IROM1 (Exec base: 0x08000000, Load base: 0x08000000, Size: 0x00003b0c, Max: 0x00008000, ABSOLUTE)

    Exec Addr    Load Addr    Size         Type   Attr      Idx    E Section Name        Object

    0x08000000   0x08000000   0x000000ec   Data   RO          213    RESET               startup_stm32f10x_md.o
    0x080000ec   0x080000ec   0x00000008   Code   RO         3255  * !!!main             c_w.l(__main.o)
    0x080000f4   0x080000f4   0x00000034   Code   RO         3418    !!!scatter          c_w.l(__scatter.o)
    0x08000128   0x08000128   0x0000005a   Code   RO         3416    !!dczerorl2         c_w.l(__dczerorl2.o)
    0x08000182   0x08000182   0x00000002   PAD
    0x08000184   0x08000184   0x0000001c   Code   RO         3420    !!handler_zi        c_w.l(__scatter_zi.o)
    0x080001a0   0x080001a0   0x00000002   Code   RO         3284    .ARM.Collect$$libinit$$00000000  c_w.l(libinit.o)
    0x080001a2   0x080001a2   0x00000000   Code   RO         3291    .ARM.Collect$$libinit$$00000002  c_w.l(libinit2.o)
    0x080001a2   0x080001a2   0x00000000   Code   RO         3293    .ARM.Collect$$libinit$$00000004  c_w.l(libinit2.o)
    0x080001a2   0x080001a2   0x00000000   Code   RO         3296    .ARM.Collect$$libinit$$0000000A  c_w.l(libinit2.o)
    0x080001a2   0x080001a2   0x00000000   Code   RO         3298    .ARM.Collect$$libinit$$0000000C  c_w.l(libinit2.o)
    0x080001a2   0x080001a2   0x00000000   Code   RO         3300    .ARM.Collect$$libinit$$0000000E  c_w.l(libinit2.o)
    0x080001a2   0x080001a2   0x00000000   Code   RO         3303    .ARM.Collect$$libinit$$00000011  c_w.l(libinit2.o)
    0x080001a2   0x080001a2   0x00000000   Code   RO         3305    .ARM.Collect$$libinit$$00000013  c_w.l(libinit2.o)
    0x080001a2   0x080001a2   0x00000000   Code   RO         3307    .ARM.Collect$$libinit$$00000015  c_w.l(libinit2.o)
    0x080001a2   0x080001a2   0x00000000   Code   RO         3309    .ARM.Collect$$libinit$$00000017  c_w.l(libinit2.o)
    0x080001a2   0x080001a2   0x00000000   Code   RO         3311    .ARM.Collect$$libinit$$00000019  c_w.l(libinit2.o)
    0x080001a2   0x080001a2   0x00000000   Code   RO         3313    .ARM.Collect$$libinit$$0000001B  c_w.l(libinit2.o)
    0x080001a2   0x080001a2   0x00000000   Code   RO         3315    .ARM.Collect$$libinit$$0000001D  c_w.l(libinit2.o)
    0x080001a2   0x080001a2   0x00000000   Code   RO         3317    .ARM.Collect$$libinit$$0000001F  c_w.l(libinit2.o)
    0x080001a2   0x080001a2   0x00000000   Code   RO         3319    .ARM.Collect$$libinit$$00000021  c_w.l(libinit2.o)
    0x080001a2   0x080001a2   0x00000000   Code   RO         3321    .ARM.Collect$$libinit$$00000023  c_w.l(libinit2.o)
    0x080001a2   0x080001a2   0x00000000   Code   RO         3323    .ARM.Collect$$libinit$$00000025  c_w.l(libinit2.o)
    0x080001a2   0x080001a2   0x00000000   Code   RO         3327    .ARM.Collect$$libinit$$0000002C  c_w.l(libinit2.o)
    0x080001a2   0x080001a2   0x00000000   Code   RO         3329    .ARM.Collect$$libinit$$0000002E  c_w.l(libinit2.o)
    0x080001a2   0x080001a2   0x00000000   Code   RO         3331    .ARM.Collect$$libinit$$00000030  c_w.l(libinit2.o)
    0x080001a2   0x080001a2   0x00000000   Code   RO         3333    .ARM.Collect$$libinit$$00000032  c_w.l(libinit2.o)
    0x080001a2   0x080001a2   0x00000002   Code   RO         3334    .ARM.Collect$$libinit$$00000033  c_w.l(libinit2.o)
    0x080001a4   0x080001a4   0x00000002   Code   RO         3354    .ARM.Collect$$libshutdown$$00000000  c_w.l(libshutdown.o)
    0x080001a6   0x080001a6   0x00000000   Code   RO         3367    .ARM.Collect$$libshutdown$$00000002  c_w.l(libshutdown2.o)
    0x080001a6   0x080001a6   0x00000000   Code   RO         3369    .ARM.Collect$$libshutdown$$00000004  c_w.l(libshutdown2.o)
    0x080001a6   0x080001a6   0x00000000   Code   RO         3371    .ARM.Collect$$libshutdown$$00000006  c_w.l(libshutdown2.o)
    0x080001a6   0x080001a6   0x00000000   Code   RO         3374    .ARM.Collect$$libshutdown$$00000009  c_w.l(libshutdown2.o)
    0x080001a6   0x080001a6   0x00000000   Code   RO         3377    .ARM.Collect$$libshutdown$$0000000C  c_w.l(libshutdown2.o)
    0x080001a6   0x080001a6   0x00000000   Code   RO         3379    .ARM.Collect$$libshutdown$$0000000E  c_w.l(libshutdown2.o)
    0x080001a6   0x080001a6   0x00000000   Code   RO         3382    .ARM.Collect$$libshutdown$$00000011  c_w.l(libshutdown2.o)
    0x080001a6   0x080001a6   0x00000002   Code   RO         3383    .ARM.Collect$$libshutdown$$00000012  c_w.l(libshutdown2.o)
    0x080001a8   0x080001a8   0x00000000   Code   RO         3257    .ARM.Collect$$rtentry$$00000000  c_w.l(__rtentry.o)
    0x080001a8   0x080001a8   0x00000000   Code   RO         3261    .ARM.Collect$$rtentry$$00000002  c_w.l(__rtentry2.o)
    0x080001a8   0x080001a8   0x00000006   Code   RO         3273    .ARM.Collect$$rtentry$$00000004  c_w.l(__rtentry4.o)
    0x080001ae   0x080001ae   0x00000000   Code   RO         3263    .ARM.Collect$$rtentry$$00000009  c_w.l(__rtentry2.o)
    0x080001ae   0x080001ae   0x00000004   Code   RO         3264    .ARM.Collect$$rtentry$$0000000A  c_w.l(__rtentry2.o)
    0x080001b2   0x080001b2   0x00000000   Code   RO         3266    .ARM.Collect$$rtentry$$0000000C  c_w.l(__rtentry2.o)
    0x080001b2   0x080001b2   0x00000008   Code   RO         3267    .ARM.Collect$$rtentry$$0000000D  c_w.l(__rtentry2.o)
    0x080001ba   0x080001ba   0x00000002   Code   RO         3288    .ARM.Collect$$rtexit$$00000000  c_w.l(rtexit.o)
    0x080001bc   0x080001bc   0x00000000   Code   RO         3336    .ARM.Collect$$rtexit$$00000002  c_w.l(rtexit2.o)
    0x080001bc   0x080001bc   0x00000004   Code   RO         3337    .ARM.Collect$$rtexit$$00000003  c_w.l(rtexit2.o)
    0x080001c0   0x080001c0   0x00000006   Code   RO         3338    .ARM.Collect$$rtexit$$00000004  c_w.l(rtexit2.o)
    0x080001c6   0x080001c6   0x00000002   PAD
    0x080001c8   0x080001c8   0x00000040   Code   RO          214    .text               startup_stm32f10x_md.o
    0x08000208   0x08000208   0x0000008a   Code   RO         3247    .text               c_w.l(rt_memcpy_v6.o)
    0x08000292   0x08000292   0x00000044   Code   RO         3249    .text               c_w.l(rt_memclr.o)
    0x080002d6   0x080002d6   0x0000004e   Code   RO         3251    .text               c_w.l(rt_memclr_w.o)
    0x08000324   0x08000324   0x00000006   Code   RO         3253    .text               c_w.l(heapauxi.o)
    0x0800032a   0x0800032a   0x00000064   Code   RO         3258    .text               c_w.l(rt_memcpy_w.o)
    0x0800038e   0x0800038e   0x0000004a   Code   RO         3275    .text               c_w.l(sys_stackheap_outer.o)
    0x080003d8   0x080003d8   0x00000012   Code   RO         3277    .text               c_w.l(exit.o)
    0x080003ea   0x080003ea   0x00000002   PAD
    0x080003ec   0x080003ec   0x00000008   Code   RO         3285    .text               c_w.l(libspace.o)
    0x080003f4   0x080003f4   0x0000000c   Code   RO         3346    .text               c_w.l(sys_exit.o)
    0x08000400   0x08000400   0x00000002   Code   RO         3357    .text               c_w.l(use_no_semi.o)
    0x08000402   0x08000402   0x00000000   Code   RO         3359    .text               c_w.l(indicate_semi.o)
    0x08000402   0x08000402   0x00000002   Code   RO          362    i.BusFault_Handler  stm32f1xx_it.o
    0x08000404   0x08000404   0x00000004   Code   RO         2609    i.CDC_Control_FS    usbd_cdc_if.o
    0x08000408   0x08000408   0x00000004   Code   RO         2610    i.CDC_DeInit_FS     usbd_cdc_if.o
    0x0800040c   0x0800040c   0x00000024   Code   RO         2611    i.CDC_Init_FS       usbd_cdc_if.o
    0x08000430   0x08000430   0x00000044   Code   RO         2612    i.CDC_Receive_FS    usbd_cdc_if.o
    0x08000474   0x08000474   0x0000002c   Code   RO         2613    i.CDC_Transmit_FS   usbd_cdc_if.o
    0x080004a0   0x080004a0   0x00000002   Code   RO          363    i.DebugMon_Handler  stm32f1xx_it.o
    0x080004a2   0x080004a2   0x00000004   Code   RO          221    i.Error_Handler     main.o
    0x080004a6   0x080004a6   0x00000002   PAD
    0x080004a8   0x080004a8   0x00000024   Code   RO         1057    i.HAL_Delay         stm32f1xx_hal.o
    0x080004cc   0x080004cc   0x000001c0   Code   RO         1367    i.HAL_GPIO_Init     stm32f1xx_hal_gpio.o
    0x0800068c   0x0800068c   0x0000000c   Code   RO         1061    i.HAL_GetTick       stm32f1xx_hal.o
    0x08000698   0x08000698   0x00000188   Code   RO         2028    i.HAL_I2C_Init      stm32f1xx_hal_i2c.o
    0x08000820   0x08000820   0x00000130   Code   RO         2049    i.HAL_I2C_Mem_Write  stm32f1xx_hal_i2c.o
    0x08000950   0x08000950   0x0000005c   Code   RO          321    i.HAL_I2C_MspInit   i2c.o
    0x080009ac   0x080009ac   0x00000010   Code   RO         1067    i.HAL_IncTick       stm32f1xx_hal.o
    0x080009bc   0x080009bc   0x00000024   Code   RO         1068    i.HAL_Init          stm32f1xx_hal.o
    0x080009e0   0x080009e0   0x00000040   Code   RO         1069    i.HAL_InitTick      stm32f1xx_hal.o
    0x08000a20   0x08000a20   0x0000003c   Code   RO          444    i.HAL_MspInit       stm32f1xx_hal_msp.o
    0x08000a5c   0x08000a5c   0x0000001a   Code   RO         1527    i.HAL_NVIC_EnableIRQ  stm32f1xx_hal_cortex.o
    0x08000a76   0x08000a76   0x00000002   PAD
    0x08000a78   0x08000a78   0x00000040   Code   RO         1533    i.HAL_NVIC_SetPriority  stm32f1xx_hal_cortex.o
    0x08000ab8   0x08000ab8   0x00000024   Code   RO         1534    i.HAL_NVIC_SetPriorityGrouping  stm32f1xx_hal_cortex.o
    0x08000adc   0x08000adc   0x0000003c   Code   RO          824    i.HAL_PCDEx_PMAConfig  stm32f1xx_hal_pcd_ex.o
    0x08000b18   0x08000b18   0x00000002   Code   RO         2665    i.HAL_PCDEx_SetConnectionState  usbd_conf.o
    0x08000b1a   0x08000b1a   0x00000012   Code   RO         2667    i.HAL_PCD_DataInStageCallback  usbd_conf.o
    0x08000b2c   0x08000b2c   0x00000014   Code   RO         2668    i.HAL_PCD_DataOutStageCallback  usbd_conf.o
    0x08000b40   0x08000b40   0x0000004a   Code   RO          595    i.HAL_PCD_EP_Close  stm32f1xx_hal_pcd.o
    0x08000b8a   0x08000b8a   0x0000005a   Code   RO          596    i.HAL_PCD_EP_ClrStall  stm32f1xx_hal_pcd.o
    0x08000be4   0x08000be4   0x000000e6   Code   RO          597    i.HAL_PCD_EP_DB_Receive  stm32f1xx_hal_pcd.o
    0x08000cca   0x08000cca   0x00000338   Code   RO          598    i.HAL_PCD_EP_DB_Transmit  stm32f1xx_hal_pcd.o
    0x08001002   0x08001002   0x00000012   Code   RO          600    i.HAL_PCD_EP_GetRxCount  stm32f1xx_hal_pcd.o
    0x08001014   0x08001014   0x00000058   Code   RO          601    i.HAL_PCD_EP_Open   stm32f1xx_hal_pcd.o
    0x0800106c   0x0800106c   0x0000002e   Code   RO          602    i.HAL_PCD_EP_Receive  stm32f1xx_hal_pcd.o
    0x0800109a   0x0800109a   0x00000070   Code   RO          603    i.HAL_PCD_EP_SetStall  stm32f1xx_hal_pcd.o
    0x0800110a   0x0800110a   0x0000002e   Code   RO          604    i.HAL_PCD_EP_Transmit  stm32f1xx_hal_pcd.o
    0x08001138   0x08001138   0x00000134   Code   RO          606    i.HAL_PCD_IRQHandler  stm32f1xx_hal_pcd.o
    0x0800126c   0x0800126c   0x000000ba   Code   RO          609    i.HAL_PCD_Init      stm32f1xx_hal_pcd.o
    0x08001326   0x08001326   0x00000002   PAD
    0x08001328   0x08001328   0x0000006c   Code   RO         2673    i.HAL_PCD_MspInit   usbd_conf.o
    0x08001394   0x08001394   0x00000026   Code   RO         2674    i.HAL_PCD_ResetCallback  usbd_conf.o
    0x080013ba   0x080013ba   0x00000008   Code   RO         2675    i.HAL_PCD_ResumeCallback  usbd_conf.o
    0x080013c2   0x080013c2   0x00000008   Code   RO         2676    i.HAL_PCD_SOFCallback  usbd_conf.o
    0x080013ca   0x080013ca   0x00000026   Code   RO          615    i.HAL_PCD_SetAddress  stm32f1xx_hal_pcd.o
    0x080013f0   0x080013f0   0x0000000e   Code   RO         2677    i.HAL_PCD_SetupStageCallback  usbd_conf.o
    0x080013fe   0x080013fe   0x00000032   Code   RO          617    i.HAL_PCD_Start     stm32f1xx_hal_pcd.o
    0x08001430   0x08001430   0x00000024   Code   RO         2678    i.HAL_PCD_SuspendCallback  usbd_conf.o
    0x08001454   0x08001454   0x000000ec   Code   RO         1329    i.HAL_RCCEx_PeriphCLKConfig  stm32f1xx_hal_rcc_ex.o
    0x08001540   0x08001540   0x0000012c   Code   RO         1225    i.HAL_RCC_ClockConfig  stm32f1xx_hal_rcc.o
    0x0800166c   0x0800166c   0x00000020   Code   RO         1232    i.HAL_RCC_GetPCLK1Freq  stm32f1xx_hal_rcc.o
    0x0800168c   0x0800168c   0x0000004c   Code   RO         1234    i.HAL_RCC_GetSysClockFreq  stm32f1xx_hal_rcc.o
    0x080016d8   0x080016d8   0x00000320   Code   RO         1237    i.HAL_RCC_OscConfig  stm32f1xx_hal_rcc.o
    0x080019f8   0x080019f8   0x00000028   Code   RO         1538    i.HAL_SYSTICK_Config  stm32f1xx_hal_cortex.o
    0x08001a20   0x08001a20   0x00000002   Code   RO          364    i.HardFault_Handler  stm32f1xx_it.o
    0x08001a22   0x08001a22   0x0000002e   Code   RO         2071    i.I2C_IsAcknowledgeFailed  stm32f1xx_hal_i2c.o
    0x08001a50   0x08001a50   0x000000a8   Code   RO         2082    i.I2C_RequestMemoryWrite  stm32f1xx_hal_i2c.o
    0x08001af8   0x08001af8   0x00000056   Code   RO         2086    i.I2C_WaitOnBTFFlagUntilTimeout  stm32f1xx_hal_i2c.o
    0x08001b4e   0x08001b4e   0x00000002   PAD
    0x08001b50   0x08001b50   0x00000090   Code   RO         2087    i.I2C_WaitOnFlagUntilTimeout  stm32f1xx_hal_i2c.o
    0x08001be0   0x08001be0   0x000000bc   Code   RO         2088    i.I2C_WaitOnMasterAddressFlagUntilTimeout  stm32f1xx_hal_i2c.o
    0x08001c9c   0x08001c9c   0x00000056   Code   RO         2090    i.I2C_WaitOnTXEFlagUntilTimeout  stm32f1xx_hal_i2c.o
    0x08001cf2   0x08001cf2   0x00000002   PAD
    0x08001cf4   0x08001cf4   0x00000038   Code   RO         2523    i.IntToUnicode      usbd_desc.o
    0x08001d2c   0x08001d2c   0x0000003c   Code   RO          296    i.MX_GPIO_Init      gpio.o
    0x08001d68   0x08001d68   0x00000040   Code   RO          322    i.MX_I2C1_Init      i2c.o
    0x08001da8   0x08001da8   0x00000054   Code   RO         2492    i.MX_USB_DEVICE_Init  usb_device.o
    0x08001dfc   0x08001dfc   0x00000002   Code   RO          365    i.MemManage_Handler  stm32f1xx_it.o
    0x08001dfe   0x08001dfe   0x00000002   Code   RO          366    i.NMI_Handler       stm32f1xx_it.o
    0x08001e00   0x08001e00   0x00000034   Code   RO            4    i.OLED_Clear        oled.o
    0x08001e34   0x08001e34   0x00000018   Code   RO            6    i.OLED_Display_On   oled.o
    0x08001e4c   0x08001e4c   0x00000032   Code   RO            7    i.OLED_Draw12864BMP  oled.o
    0x08001e7e   0x08001e7e   0x00000010   Code   RO            8    i.OLED_Init         oled.o
    0x08001e8e   0x08001e8e   0x00000022   Code   RO           10    i.OLED_Set_Pos      oled.o
    0x08001eb0   0x08001eb0   0x00000024   Code   RO           14    i.OLED_WR_CMD       oled.o
    0x08001ed4   0x08001ed4   0x00000024   Code   RO           15    i.OLED_WR_DATA      oled.o
    0x08001ef8   0x08001ef8   0x000003a6   Code   RO          621    i.PCD_EP_ISR_Handler  stm32f1xx_hal_pcd.o
    0x0800229e   0x0800229e   0x00000002   Code   RO          367    i.PendSV_Handler    stm32f1xx_it.o
    0x080022a0   0x080022a0   0x00000002   Code   RO          368    i.SVC_Handler       stm32f1xx_it.o
    0x080022a2   0x080022a2   0x00000004   Code   RO          369    i.SysTick_Handler   stm32f1xx_it.o
    0x080022a6   0x080022a6   0x00000076   Code   RO          222    i.SystemClock_Config  main.o
    0x0800231c   0x0800231c   0x00000002   Code   RO         2455    i.SystemInit        system_stm32f1xx.o
    0x0800231e   0x0800231e   0x00000046   Code   RO         3140    i.USBD_CDC_DataIn   usbd_cdc.o
    0x08002364   0x08002364   0x0000002e   Code   RO         3141    i.USBD_CDC_DataOut  usbd_cdc.o
    0x08002392   0x08002392   0x00000044   Code   RO         3142    i.USBD_CDC_DeInit   usbd_cdc.o
    0x080023d6   0x080023d6   0x00000024   Code   RO         3143    i.USBD_CDC_EP0_RxReady  usbd_cdc.o
    0x080023fa   0x080023fa   0x00000002   PAD
    0x080023fc   0x080023fc   0x0000000c   Code   RO         3144    i.USBD_CDC_GetDeviceQualifierDescriptor  usbd_cdc.o
    0x08002408   0x08002408   0x0000000c   Code   RO         3145    i.USBD_CDC_GetFSCfgDesc  usbd_cdc.o
    0x08002414   0x08002414   0x0000000c   Code   RO         3146    i.USBD_CDC_GetHSCfgDesc  usbd_cdc.o
    0x08002420   0x08002420   0x0000000c   Code   RO         3147    i.USBD_CDC_GetOtherSpeedCfgDesc  usbd_cdc.o
    0x0800242c   0x0800242c   0x00000094   Code   RO         3148    i.USBD_CDC_Init     usbd_cdc.o
    0x080024c0   0x080024c0   0x00000028   Code   RO         3149    i.USBD_CDC_ReceivePacket  usbd_cdc.o
    0x080024e8   0x080024e8   0x00000010   Code   RO         3150    i.USBD_CDC_RegisterInterface  usbd_cdc.o
    0x080024f8   0x080024f8   0x0000000c   Code   RO         3151    i.USBD_CDC_SetRxBuffer  usbd_cdc.o
    0x08002504   0x08002504   0x00000010   Code   RO         3152    i.USBD_CDC_SetTxBuffer  usbd_cdc.o
    0x08002514   0x08002514   0x000000ac   Code   RO         3153    i.USBD_CDC_Setup    usbd_cdc.o
    0x080025c0   0x080025c0   0x00000036   Code   RO         3154    i.USBD_CDC_TransmitPacket  usbd_cdc.o
    0x080025f6   0x080025f6   0x0000000e   Code   RO         2877    i.USBD_ClrClassConfig  usbd_core.o
    0x08002604   0x08002604   0x00000010   Code   RO         3080    i.USBD_CtlContinueRx  usbd_ioreq.o
    0x08002614   0x08002614   0x00000010   Code   RO         3081    i.USBD_CtlContinueSendData  usbd_ioreq.o
    0x08002624   0x08002624   0x00000016   Code   RO         3015    i.USBD_CtlError     usbd_ctlreq.o
    0x0800263a   0x0800263a   0x0000001e   Code   RO         3082    i.USBD_CtlPrepareRx  usbd_ioreq.o
    0x08002658   0x08002658   0x00000016   Code   RO         3083    i.USBD_CtlReceiveStatus  usbd_ioreq.o
    0x0800266e   0x0800266e   0x0000001a   Code   RO         3084    i.USBD_CtlSendData  usbd_ioreq.o
    0x08002688   0x08002688   0x00000016   Code   RO         3085    i.USBD_CtlSendStatus  usbd_ioreq.o
    0x0800269e   0x0800269e   0x00000002   PAD
    0x080026a0   0x080026a0   0x00000020   Code   RO         2524    i.USBD_FS_ConfigStrDescriptor  usbd_desc.o
    0x080026c0   0x080026c0   0x0000000c   Code   RO         2525    i.USBD_FS_DeviceDescriptor  usbd_desc.o
    0x080026cc   0x080026cc   0x00000024   Code   RO         2526    i.USBD_FS_InterfaceStrDescriptor  usbd_desc.o
    0x080026f0   0x080026f0   0x0000000c   Code   RO         2527    i.USBD_FS_LangIDStrDescriptor  usbd_desc.o
    0x080026fc   0x080026fc   0x00000028   Code   RO         2528    i.USBD_FS_ManufacturerStrDescriptor  usbd_desc.o
    0x08002724   0x08002724   0x0000002c   Code   RO         2529    i.USBD_FS_ProductStrDescriptor  usbd_desc.o
    0x08002750   0x08002750   0x00000038   Code   RO         2530    i.USBD_FS_SerialStrDescriptor  usbd_desc.o
    0x08002788   0x08002788   0x000000e8   Code   RO         3016    i.USBD_GetDescriptor  usbd_ctlreq.o
    0x08002870   0x08002870   0x00000048   Code   RO         3017    i.USBD_GetString    usbd_ctlreq.o
    0x080028b8   0x080028b8   0x00000018   Code   RO         2679    i.USBD_Get_USB_Status  usbd_conf.o
    0x080028d0   0x080028d0   0x0000002a   Code   RO         2879    i.USBD_Init         usbd_core.o
    0x080028fa   0x080028fa   0x00000012   Code   RO         2680    i.USBD_LL_ClearStallEP  usbd_conf.o
    0x0800290c   0x0800290c   0x00000012   Code   RO         2681    i.USBD_LL_CloseEP   usbd_conf.o
    0x0800291e   0x0800291e   0x000000c6   Code   RO         2880    i.USBD_LL_DataInStage  usbd_core.o
    0x080029e4   0x080029e4   0x00000082   Code   RO         2881    i.USBD_LL_DataOutStage  usbd_core.o
    0x08002a66   0x08002a66   0x00000008   Code   RO         2685    i.USBD_LL_GetRxDataSize  usbd_conf.o
    0x08002a6e   0x08002a6e   0x00000002   PAD
    0x08002a70   0x08002a70   0x00000080   Code   RO         2686    i.USBD_LL_Init      usbd_conf.o
    0x08002af0   0x08002af0   0x0000001e   Code   RO         2687    i.USBD_LL_IsStallEP  usbd_conf.o
    0x08002b0e   0x08002b0e   0x00000018   Code   RO         2688    i.USBD_LL_OpenEP    usbd_conf.o
    0x08002b26   0x08002b26   0x00000012   Code   RO         2689    i.USBD_LL_PrepareReceive  usbd_conf.o
    0x08002b38   0x08002b38   0x00000050   Code   RO         2886    i.USBD_LL_Reset     usbd_core.o
    0x08002b88   0x08002b88   0x00000014   Code   RO         2887    i.USBD_LL_Resume    usbd_core.o
    0x08002b9c   0x08002b9c   0x00000018   Code   RO         2888    i.USBD_LL_SOF       usbd_core.o
    0x08002bb4   0x08002bb4   0x00000006   Code   RO         2889    i.USBD_LL_SetSpeed  usbd_core.o
    0x08002bba   0x08002bba   0x00000012   Code   RO         2690    i.USBD_LL_SetUSBAddress  usbd_conf.o
    0x08002bcc   0x08002bcc   0x0000005a   Code   RO         2890    i.USBD_LL_SetupStage  usbd_core.o
    0x08002c26   0x08002c26   0x00000012   Code   RO         2691    i.USBD_LL_StallEP   usbd_conf.o
    0x08002c38   0x08002c38   0x00000012   Code   RO         2692    i.USBD_LL_Start     usbd_conf.o
    0x08002c4a   0x08002c4a   0x00000012   Code   RO         2891    i.USBD_LL_Suspend   usbd_core.o
    0x08002c5c   0x08002c5c   0x00000012   Code   RO         2694    i.USBD_LL_Transmit  usbd_conf.o
    0x08002c6e   0x08002c6e   0x00000028   Code   RO         3018    i.USBD_ParseSetupRequest  usbd_ctlreq.o
    0x08002c96   0x08002c96   0x00000010   Code   RO         2892    i.USBD_RegisterClass  usbd_core.o
    0x08002ca6   0x08002ca6   0x00000016   Code   RO         2894    i.USBD_SetClassConfig  usbd_core.o
    0x08002cbc   0x08002cbc   0x00000084   Code   RO         3019    i.USBD_SetConfig    usbd_ctlreq.o
    0x08002d40   0x08002d40   0x0000000a   Code   RO         2895    i.USBD_Start        usbd_core.o
    0x08002d4a   0x08002d4a   0x00000112   Code   RO         3020    i.USBD_StdDevReq    usbd_ctlreq.o
    0x08002e5c   0x08002e5c   0x00000150   Code   RO         3021    i.USBD_StdEPReq     usbd_ctlreq.o
    0x08002fac   0x08002fac   0x0000004e   Code   RO         3022    i.USBD_StdItfReq    usbd_ctlreq.o
    0x08002ffa   0x08002ffa   0x00000002   Code   RO         2695    i.USBD_static_free  usbd_conf.o
    0x08002ffc   0x08002ffc   0x00000008   Code   RO         2696    i.USBD_static_malloc  usbd_conf.o
    0x08003004   0x08003004   0x0000029c   Code   RO          864    i.USB_ActivateEndpoint  stm32f1xx_ll_usb.o
    0x080032a0   0x080032a0   0x00000004   Code   RO          867    i.USB_CoreInit      stm32f1xx_ll_usb.o
    0x080032a4   0x080032a4   0x0000010e   Code   RO          869    i.USB_DeactivateEndpoint  stm32f1xx_ll_usb.o
    0x080033b2   0x080033b2   0x00000004   Code   RO          870    i.USB_DevConnect    stm32f1xx_ll_usb.o
    0x080033b6   0x080033b6   0x00000004   Code   RO          871    i.USB_DevDisconnect  stm32f1xx_ll_usb.o
    0x080033ba   0x080033ba   0x00000012   Code   RO          872    i.USB_DevInit       stm32f1xx_ll_usb.o
    0x080033cc   0x080033cc   0x0000000e   Code   RO          873    i.USB_DisableGlobalInt  stm32f1xx_ll_usb.o
    0x080033da   0x080033da   0x00000004   Code   RO          874    i.USB_EP0_OutStart  stm32f1xx_ll_usb.o
    0x080033de   0x080033de   0x00000078   Code   RO          875    i.USB_EPClearStall  stm32f1xx_ll_usb.o
    0x08003456   0x08003456   0x00000032   Code   RO          876    i.USB_EPSetStall    stm32f1xx_ll_usb.o
    0x08003488   0x08003488   0x000004e2   Code   RO          877    i.USB_EPStartXfer   stm32f1xx_ll_usb.o
    0x0800396a   0x0800396a   0x00000012   Code   RO          879    i.USB_EnableGlobalInt  stm32f1xx_ll_usb.o
    0x0800397c   0x0800397c   0x0000000c   Code   RO          370    i.USB_LP_CAN1_RX0_IRQHandler  stm32f1xx_it.o
    0x08003988   0x08003988   0x00000006   Code   RO          886    i.USB_ReadInterrupts  stm32f1xx_ll_usb.o
    0x0800398e   0x0800398e   0x00000002   PAD
    0x08003990   0x08003990   0x0000002c   Code   RO          887    i.USB_ReadPMA       stm32f1xx_ll_usb.o
    0x080039bc   0x080039bc   0x00000004   Code   RO          888    i.USB_SetCurrentMode  stm32f1xx_ll_usb.o
    0x080039c0   0x080039c0   0x0000000c   Code   RO          889    i.USB_SetDevAddress  stm32f1xx_ll_usb.o
    0x080039cc   0x080039cc   0x00000026   Code   RO          891    i.USB_WritePMA      stm32f1xx_ll_usb.o
    0x080039f2   0x080039f2   0x00000002   Code   RO          371    i.UsageFault_Handler  stm32f1xx_it.o
    0x080039f4   0x080039f4   0x00000034   Code   RO           16    i.WriteCmd          oled.o
    0x08003a28   0x08003a28   0x00000020   Code   RO         1540    i.__NVIC_SetPriority  stm32f1xx_hal_cortex.o
    0x08003a48   0x08003a48   0x00000078   Code   RO          223    i.main              main.o
    0x08003ac0   0x08003ac0   0x00000012   Data   RO         1238    .constdata          stm32f1xx_hal_rcc.o
    0x08003ad2   0x08003ad2   0x00000010   Data   RO         2456    .constdata          system_stm32f1xx.o
    0x08003ae2   0x08003ae2   0x00000008   Data   RO         2457    .constdata          system_stm32f1xx.o
    0x08003aea   0x08003aea   0x00000002   PAD
    0x08003aec   0x08003aec   0x00000020   Data   RO         3414    Region$$Table       anon$$obj.o


    Execution Region RW_IRAM1 (Exec base: 0x20000000, Load base: 0x08003b0c, Size: 0x00002050, Max: 0x00002800, ABSOLUTE, COMPRESSED[0x000000dc])

    Exec Addr    Load Addr    Size         Type   Attr      Idx    E Section Name        Object

    0x20000000   COMPRESSED   0x0000001b   Data   RW           19    .data               oled.o
    0x2000001b   COMPRESSED   0x00000001   PAD
    0x2000001c   COMPRESSED   0x0000000c   Data   RW         1075    .data               stm32f1xx_hal.o
    0x20000028   COMPRESSED   0x00000004   Data   RW         2458    .data               system_stm32f1xx.o
    0x2000002c   COMPRESSED   0x0000001c   Data   RW         2532    .data               usbd_desc.o
    0x20000048   COMPRESSED   0x00000032   Data   RW         2533    .data               usbd_desc.o
    0x2000007a   COMPRESSED   0x00000002   Data   RW         2615    .data               usbd_cdc_if.o
    0x2000007c   COMPRESSED   0x00000010   Data   RW         2616    .data               usbd_cdc_if.o
    0x2000008c   COMPRESSED   0x00000001   Data   RW         3023    .data               usbd_ctlreq.o
    0x2000008d   COMPRESSED   0x00000003   PAD
    0x20000090   COMPRESSED   0x000000d7   Data   RW         3155    .data               usbd_cdc.o
    0x20000167   COMPRESSED   0x00000001   PAD
    0x20000168   COMPRESSED   0x00000038   Data   RW         3156    .data               usbd_cdc.o
    0x200001a0        -       0x00000054   Zero   RW          323    .bss                i2c.o
    0x200001f4        -       0x000002c4   Zero   RW         2493    .bss                usb_device.o
    0x200004b8        -       0x00000200   Zero   RW         2531    .bss                usbd_desc.o
    0x200006b8        -       0x00000840   Zero   RW         2614    .bss                usbd_cdc_if.o
    0x20000ef8        -       0x000004f8   Zero   RW         2697    .bss                usbd_conf.o
    0x200013f0        -       0x00000060   Zero   RW         3286    .bss                c_w.l(libspace.o)
    0x20001450        -       0x00000800   Zero   RW          212    HEAP                startup_stm32f10x_md.o
    0x20001c50        -       0x00000400   Zero   RW          211    STACK               startup_stm32f10x_md.o


==============================================================================

Image component sizes


      Code (inc. data)   RO Data    RW Data    ZI Data      Debug   Object Name

        60          6          0          0          0        783   gpio.o
       156         26          0          0         84       1565   i2c.o
       242         12          0          0          0       8439   main.o
       300         18          0         27          0     401049   oled.o
        64         26        236          0       3072        788   startup_stm32f10x_md.o
       164         28          0         12          0       5433   stm32f1xx_hal.o
       198         14          0          0          0      28843   stm32f1xx_hal_cortex.o
       448         30          0          0          0       2224   stm32f1xx_hal_gpio.o
         0          0          0          0          0     394020   stm32f1xx_hal_gpio_ex.o
      1414         32          0          0          0       9235   stm32f1xx_hal_i2c.o
        60          8          0          0          0        842   stm32f1xx_hal_msp.o
      3044          0          0          0          0      14009   stm32f1xx_hal_pcd.o
        60          0          0          0          0       1142   stm32f1xx_hal_pcd_ex.o
      1208         72         18          0          0       4469   stm32f1xx_hal_rcc.o
       236         12          0          0          0       1348   stm32f1xx_hal_rcc_ex.o
        32          6          0          0          0       4159   stm32f1xx_it.o
      2528          0          0          0          0      15819   stm32f1xx_ll_usb.o
         2          0         24          4          0       1071   system_stm32f1xx.o
        84         18          0          0        708        760   usb_device.o
       726         16          0        271          0      12750   usbd_cdc.o
       156         30          0         18       2112       3315   usbd_cdc_if.o
       602         34          0          0       1272      13921   usbd_conf.o
       670          0          0          0          0       9239   usbd_core.o
      1186         28          0          1          0       7772   usbd_ctlreq.o
       288        104          0         78        512       5761   usbd_desc.o
       132          0          0          0          0       4212   usbd_ioreq.o

    ----------------------------------------------------------------------
     14078        520        312        416       7760     952968   Object Totals
         0          0         32          0          0          0   (incl. Generated)
        18          0          2          5          0          0   (incl. Padding)

    ----------------------------------------------------------------------

      Code (inc. data)   RO Data    RW Data    ZI Data      Debug   Library Member Name

        90          0          0          0          0          0   __dczerorl2.o
         8          0          0          0          0         68   __main.o
         0          0          0          0          0          0   __rtentry.o
        12          0          0          0          0          0   __rtentry2.o
         6          0          0          0          0          0   __rtentry4.o
        52          8          0          0          0          0   __scatter.o
        28          0          0          0          0          0   __scatter_zi.o
        18          0          0          0          0         80   exit.o
         6          0          0          0          0        152   heapauxi.o
         0          0          0          0          0          0   indicate_semi.o
         2          0          0          0          0          0   libinit.o
         2          0          0          0          0          0   libinit2.o
         2          0          0          0          0          0   libshutdown.o
         2          0          0          0          0          0   libshutdown2.o
         8          4          0          0         96         68   libspace.o
        68          0          0          0          0         68   rt_memclr.o
        78          0          0          0          0         80   rt_memclr_w.o
       138          0          0          0          0         68   rt_memcpy_v6.o
       100          0          0          0          0         80   rt_memcpy_w.o
         2          0          0          0          0          0   rtexit.o
        10          0          0          0          0          0   rtexit2.o
        12          4          0          0          0         68   sys_exit.o
        74          0          0          0          0         80   sys_stackheap_outer.o
         2          0          0          0          0         68   use_no_semi.o

    ----------------------------------------------------------------------
       726         16          0          0         96        880   Library Totals
         6          0          0          0          0          0   (incl. Padding)

    ----------------------------------------------------------------------

      Code (inc. data)   RO Data    RW Data    ZI Data      Debug   Library Name

       720         16          0          0         96        880   c_w.l

    ----------------------------------------------------------------------
       726         16          0          0         96        880   Library Totals

    ----------------------------------------------------------------------

==============================================================================


      Code (inc. data)   RO Data    RW Data    ZI Data      Debug   

     14804        536        312        416       7856     945420   Grand Totals
     14804        536        312        220       7856     945420   ELF Image Totals (compressed)
     14804        536        312        220          0          0   ROM Totals

==============================================================================

    Total RO  Size (Code + RO Data)                15116 (  14.76kB)
    Total RW  Size (RW Data + ZI Data)              8272 (   8.08kB)
    Total ROM Size (Code + RO Data + RW Data)      15336 (  14.98kB)

==============================================================================

